U-Boot SPL 2021.04-gardena-6 (Jun 10 2021 - 16:05:31 +0000)
Trying to boot from NOR


U-Boot 2021.04-gardena-6 (Jun 10 2021 - 16:05:31 +0000)

CPU:   MediaTek MT7688A ver:1 eco:2
Boot:  DDR2, SPI-NOR 3-Byte Addr, CPU clock from XTAL
Clock: CPU: 580MHz, Bus: 193MHz, XTAL: 40MHz
Model: GARDENA smart Gateway (MT7688)
DRAM:  128 MiB
WDT:   Started with servicing (60s timeout)
Loading Environment from SPIFlash... SF: Detected XM25QH64C with page size 256 Bytes, erase size 4 KiB, total 8 MiB
OK
F-Data:factory-data version 1 detected
Net:   eth0: eth@10110000
Autoboot in 2 seconds
eth@10110000 Waiting for PHY auto negotiation to complete.... done
BOOTP broadcast 1
DHCP client bound to address 10.42.221.99 (7 ms)
Using eth@10110000 device
TFTP from server 10.42.0.1; our IP address is 10.42.221.99
Filename 'uEnv.txt'.
Load address: 0x80100000
Loading: #
	 442.4 KiB/s
done
Bytes transferred = 5899 (170b hex)
U-Boot is up-to-date
BOOTP broadcast 1
DHCP client bound to address 10.42.221.99 (3 ms)
Using eth@10110000 device
TFTP from server 10.42.0.1; our IP address is 10.42.221.99
Filename 'prebuilt-u-boot-with-spl.bin-gardena-sg-mt7688'.
Load address: 0x80100000
Loading: *
TFTP error: 'File not found' (1)
Not retrying...
U-Boot checksum comparisation error