��
U-Boot SPL 2021.04-gardena-6 (Jun 10 2021 - 16:05:31 +0000)
Trying to boot from NOR


U-Boot 2021.04-gardena-6 (Jun 10 2021 - 16:05:31 +0000)

CPU:   MediaTek MT7688A ver:1 eco:2
Boot:  DDR2, SPI-NOR 3-Byte Addr, CPU clock from XTAL
Clock: CPU: 580MHz, Bus: 193MHz, XTAL: 40MHz
Model: GARDENA smart Gateway (MT7688)
DRAM:  128 MiB
WDT:   Started with servicing (60s timeout)
Loading Environment from SPIFlash... SF: Detected XM25QH64C with page size 256 Bytes, erase size 4 KiB, total 8 MiB
OK
F-Data:factory-data version 1 detected
Net:   eth0: eth@10110000
Autoboot in 2 seconds
=> run do
  do_boot_from_flash do_dev_flash_rootfs do_dev_led_on do_dev_led_set_state
  do_dev_nfs_bootcmd do_factory_reset do_flash_kernel do_if_factory_reset
  do_if_flashing_setup do_if_u_boot_upgrade do_print_ids do_reset_overlay
  do_resurrection_reset do_show_bootstrap_error do_start_over
  do_u_boot_upgrade do_u_boot_verify do_u_boot_verify_pass ...
=> run do_start_over 
## Resetting to default environment
## Error: Can't force access to "bootcmd"
## Error: Can't force access to "bootdelay"
## Error: Can't force access to "baudrate"
## Error: Can't force access to "arch"
## Error: Can't force access to "cpu"
## Error: Can't force access to "board"
## Error: Can't force access to "board_name"
## Error: Can't force access to "vendor"
## Error: Can't force access to "soc"
Saving Environment to SPIFlash... Erasing SPI flash...Writing to SPI flash...done
Valid environment: 1
OK
resetting ...

U-Boot SPL 2021.04-gardena-6 (Jun 10 2021 - 16:05:31 +0000)
Trying to boot from NOR


U-Boot 2021.04-gardena-6 (Jun 10 2021 - 16:05:31 +0000)

CPU:   MediaTek MT7688A ver:1 eco:2
Boot:  DDR2, SPI-NOR 3-Byte Addr, CPU clock from XTAL
Clock: CPU: 580MHz, Bus: 193MHz, XTAL: 40MHz
Model: GARDENA smart Gateway (MT7688)
DRAM:  128 MiB
WDT:   Started with servicing (60s timeout)
Loading Environment from SPIFlash... SF: Detected XM25QH64C with page size 256 Bytes, erase size 4 KiB, total 8 MiB
OK
F-Data:factory-data version 1 detected
F-Data:Values don't match env values -> saving
Saving Environment to SPIFlash... Erasing SPI flash...Writing to SPI flash...done
Valid environment: 2
OK
Net:   eth0: eth@10110000
Autoboot in 2 seconds
�����linuxmoduleid=87c7e4ed-16a9-4d77-9040-3f34dc33687b
gatewayid=2d92104f-1073-4c1a-bba6-565ef6391c99
radiomoduleid=564ab2fb-b037-4eab-b067-4be1628b52ee
ubi0: default fastmap pool size: 50
ubi0: default fastmap WL pool size: 25
ubi0: attaching mtd7
ubi0: scanning is finished
ubi0: attached mtd7 (name "nand", size 128 MiB)
ubi0: PEB size: 131072 bytes (128 KiB), LEB size: 126976 bytes
ubi0: min./max. I/O unit sizes: 2048/2048, sub-page size 2048
ubi0: VID header offset: 2048 (aligned 2048), data offset: 4096
ubi0: good PEBs: 1024, bad PEBs: 0, corrupted PEBs: 0
ubi0: user volume: 5, internal volumes: 1, max. volumes count: 128
ubi0: max/mean erase counter: 2/1, WL threshold: 4096, image sequence number: 0
ubi0: available PEBs: 18, total reserved PEBs: 1006, PEBs reserved for bad PEB handling: 22
gpio: pin PA11 (gpio 11) value is 1
## Error: "recovery_status" not defined
gpio: pin PA11 (gpio 11) value is 1
No size specified -> Using max size (3144016)
Read 3144016 bytes from volume kernel0 to 80a00000
+ OK
## Loading fdt from FIT Image at 80a00000 ...
   Using 'conf-ralink_gardena_smart_gateway_mt7688.dtb' configuration
   Verifying Hash Integrity ... OK
   Trying 'ftd-ralink_gardena_smart_gateway_mt7688.dtb' fdt subimage
     Description:  Flattened Device Tree blob
     Type:         Flat Device Tree
     Compression:  uncompressed
     Data Start:   0x80cfd600
     Data Size:    7574 Bytes = 7.4 KiB
     Architecture: MIPS
     Hash algo:    sha256
     Hash value:   5cc523f9207fbc3435951bfdcbf5cd85e9d64cbaac6dc586c34f11581b91292e
   Verifying Hash Integrity ... sha256+ OK
   Booting using the fdt blob at 0x80cfd600
   Uncompressing Kernel Image
   Loading Device Tree to 86f46000, end 86f4ad95 ... OK
[    0.000000] timer_probe: no matching timers found

U-Boot SPL 2021.04-gardena-6 (Jun 10 2021 - 16:05:31 +0000)
Trying to boot from NOR


U-Boot 2021.04-gardena-6 (Jun 10 2021 - 16:05:31 +0000)

CPU:   MediaTek MT7688A ver:1 eco:2
Boot:  DDR2, SPI-NOR 3-Byte Addr, CPU clock from XTAL
Clock: CPU: 580MHz, Bus: 193MHz, XTAL: 40MHz
Model: GARDENA smart Gateway (MT7688)
DRAM:  128 MiB
WDT:   Started with servicing (60s timeout)
Loading Environment from SPIFlash... SF: Detected XM25QH64C with page size 256 Bytes, erase size 4 KiB, total 8 MiB
OK
F-Data:factory-data version 1 detected
Net:   eth0: eth@10110000
Autoboot in 2 seconds
=> run do
  do_boot_from_flash do_dev_flash_rootfs do_dev_led_on do_dev_led_set_state
  do_dev_nfs_bootcmd do_factory_reset do_flash_kernel do_if_factory_reset
  do_if_flashing_setup do_if_u_boot_upgrade do_print_ids do_reset_overlay
  do_resurrection_reset do_show_bootstrap_error do_start_over
  do_u_boot_upgrade do_u_boot_verify do_u_boot_verify_pass ...
=> run do_start_over 
## Resetting to default environment
## Error: Can't force access to "bootcmd"
## Error: Can't force access to "bootdelay"
## Error: Can't force access to "baudrate"
## Error: Can't force access to "arch"
## Error: Can't force access to "cpu"
## Error: Can't force access to "board"
## Error: Can't force access to "board_name"
## Error: Can't force access to "vendor"
## Error: Can't force access to "soc"
Saving Environment to SPIFlash... Erasing SPI flash...Writing to SPI flash...done
Valid environment: 2
OK
resetting ...

U-Boot SPL 2021.04-gardena-6 (Jun 10 2021 - 16:05:31 +0000)
Trying to boot from NOR


U-Boot 2021.04-gardena-6 (Jun 10 2021 - 16:05:31 +0000)

CPU:   MediaTek MT7688A ver:1 eco:2
Boot:  DDR2, SPI-NOR 3-Byte Addr, CPU clock from XTAL
Clock: CPU: 580MHz, Bus: 193MHz, XTAL: 40MHz
Model: GARDENA smart Gateway (MT7688)
DRAM:  128 MiB
WDT:   Started with servicing (60s timeout)
Loading Environment from SPIFlash... SF: Detected XM25QH64C with page size 256 Bytes, erase size 4 KiB, total 8 MiB
OK
F-Data:factory-data version 1 detected
F-Data:Values don't match env values -> saving
Saving Environment to SPIFlash... Erasing SPI flash...Writing to SPI flash...done
Valid environment: 1
OK
Net:   eth0: eth@10110000
Autoboot in 2 seconds
eth@10110000 Waiting for PHY auto negotiation to complete.... done
BOOTP broadcast 1
BOOTP broadcast 2
BOOTP broadcast 3
BOOTP broadcast 4
DHCP client bound to address 10.42.112.16 (3264 ms)
Using eth@10110000 device
TFTP from server 10.42.0.1; our IP address is 10.42.112.16
Filename 'uEnv.txt'.
Load address: 0x80100000
Loading: #
	 479.5 KiB/s
done
Bytes transferred = 5899 (170b hex)
U-Boot is up-to-date
BOOTP broadcast 1
DHCP client bound to address 10.42.112.16 (3 ms)
Using eth@10110000 device
TFTP from server 10.42.0.1; our IP address is 10.42.112.16
Filename 'prebuilt-u-boot-with-spl.bin-gardena-sg-mt7688'.
Load address: 0x80100000
Loading: ###################
	 3.3 MiB/s
done
Bytes transferred = 267489 (414e1 hex)
801414e1
801414e5
crc32 for 80100000 ... 801414e0 ==> 9deeda11
Reading 267489 byte(s) at offset 0x00000000
crc32 for 80100000 ... 801414e0 ==> 9deeda11
Total of 4 byte(s) were the same
U-Boot checksum matches
linuxmoduleid=87c7e4ed-16a9-4d77-9040-3f34dc33687b
gatewayid=unset
radiomoduleid=unset
Erasing 0x00000000 ... 0x07ffffff (1024 eraseblock(s))

U-Boot SPL 2021.04-gardena-6 (Jun 10 2021 - 16:05:31 +0000)
Trying to boot from NOR


U-Boot 2021.04-gardena-6 (Jun 10 2021 - 16:05:31 +0000)

CPU:   MediaTek MT7688A ver:1 eco:2
Boot:  DDR2, SPI-NOR 3-Byte Addr, CPU clock from XTAL
Clock: CPU: 580MHz, Bus: 193MHz, XTAL: 40MHz
Model: GARDENA smart Gateway (MT7688)
DRAM:  128 MiB
WDT:   Started with servicing (60s timeout)
Loading Environment from SPIFlash... SF: Detected XM25QH64C with page size 256 Bytes, erase size 4 KiB, total 8 MiB
OK
F-Data:factory-data version 1 detected
Net:   eth0: eth@10110000
Autoboot in 2 seconds
=> run do
  do_boot_from_flash do_dev_flash_rootfs do_dev_led_on do_dev_led_set_state
  do_dev_nfs_bootcmd do_factory_reset do_flash_kernel do_if_factory_reset
  do_if_flashing_setup do_if_u_boot_upgrade do_print_ids do_reset_overlay
  do_resurrection_reset do_show_bootstrap_error do_start_over
  do_u_boot_upgrade do_u_boot_verify do_u_boot_verify_pass ...
=> run do_start_over 
## Resetting to default environment
## Error: Can't force access to "bootcmd"
## Error: Can't force access to "bootdelay"
## Error: Can't force access to "baudrate"
## Error: Can't force access to "arch"
## Error: Can't force access to "cpu"
## Error: Can't force access to "board"
## Error: Can't force access to "board_name"
## Error: Can't force access to "vendor"
## Error: Can't force access to "soc"
Saving Environment to SPIFlash... Erasing SPI flash...Writing to SPI flash...done
Valid environment: 2
OK
resetting ...

U-Boot SPL 2021.04-gardena-6 (Jun 10 2021 - 16:05:31 +0000)
Trying to boot from NOR


U-Boot 2021.04-gardena-6 (Jun 10 2021 - 16:05:31 +0000)

CPU:   MediaTek MT7688A ver:1 eco:2
Boot:  DDR2, SPI-NOR 3-Byte Addr, CPU clock from XTAL
Clock: CPU: 580MHz, Bus: 193MHz, XTAL: 40MHz
Model: GARDENA smart Gateway (MT7688)
DRAM:  128 MiB
OK
F-Data:factory-data version 1 detected
F-Data:Values don't match env values -> saving
Saving Environment to SPIFlash... Erasing SPI flash...����
U-Boot SPL 2021.04-gardena-6 (Jun 10 2021 - 16:05:31 +0000)
Trying to boot from NOR


U-Boot 2021.04-gardena-6 (Jun 10 2021 - 16:05:31 +0000)

CPU:   MediaTek MT7688A ver:1 eco:2
Boot:  DDR2, SPI-NOR 3-Byte Addr, CPU clock from XTAL
Clock: CPU: 580MHz, Bus: 193MHz, XTAL: 40MHz
Model: GARDENA smart Gateway (MT7688)
DRAM:  128 MiB
WDT:   Started with servicing (60s timeout)
Loading Environment from SPIFlash... SF: Detected XM25QH64C with page size 256 Bytes, erase size 4 KiB, total 8 MiB
OK
F-Data:factory-data version 1 detected
Net:   eth0: eth@10110000
Autoboot in 2 seconds
res      
resetting ...

U-Boot SPL 2021.04-gardena-6 (Jun 10 2021 - 16:05:31 +0000)
Trying to boot from NOR


U-Boot 2021.04-gardena-6 (Jun 10 2021 - 16:05:31 +0000)

CPU:   MediaTek MT7688A ver:1 eco:2
Boot:  DDR2, SPI-NOR 3-Byte Addr, CPU clock from XTAL
Clock: CPU: 580MHz, Bus: 193MHz, XTAL: 40MHz
Model: GARDENA smart Gateway (MT7688)
DRAM:  128 MiB
WDT:   Started with servicing (60s timeout)
Loading Environment from SPIFlash... SF: Detected XM25QH64C with page size 256 Bytes, erase size 4 KiB, total 8 MiB
OK
F-Data:factory-data version 1 detected
Net:   eth0: eth@10110000
Autoboot in 2 seconds
=> run do
  do_boot_from_flash do_dev_flash_rootfs do_dev_led_on do_dev_led_set_state
  do_dev_nfs_bootcmd do_factory_reset do_flash_kernel do_if_factory_reset
  do_if_flashing_setup do_if_u_boot_upgrade do_print_ids do_reset_overlay
  do_resurrection_reset do_show_bootstrap_error do_start_over
  do_u_boot_upgrade do_u_boot_verify do_u_boot_verify_pass ...
=> run do
  do_boot_from_flash do_dev_flash_rootfs do_dev_led_on do_dev_led_set_state
  do_dev_nfs_bootcmd do_factory_reset do_flash_kernel do_if_factory_reset
  do_if_flashing_setup do_if_u_boot_upgrade do_print_ids do_reset_overlay
  do_resurrection_reset do_show_bootstrap_error do_start_over
  do_u_boot_upgrade do_u_boot_verify do_u_boot_verify_pass ...
=> run do_s
  do_set_bootargs do_show_bootstrap_error do_start_over
=> run do_start_over 
## Resetting to default environment
## Error: Can't force access to "bootcmd"
## Error: Can't force access to "bootdelay"
## Error: Can't force access to "baudrate"
## Error: Can't force access to "arch"
## Error: Can't force access to "cpu"
## Error: Can't force access to "board"
## Error: Can't force access to "board_name"
## Error: Can't force access to "vendor"
## Error: Can't force access to "soc"
Saving Environment to SPIFlash... Erasing SPI flash...Writing to SPI flash...done
Valid environment: 1
OK
resetting ...

U-Boot SPL 2021.04-gardena-6 (Jun 10 2021 - 16:05:31 +0000)
Trying to boot from NOR


U-Boot 2021.04-gardena-6 (Jun 10 2021 - 16:05:31 +0000)

CPU:   MediaTek MT7688A ver:1 eco:2
Boot:  DDR2, SPI-NOR 3-Byte Addr, CPU clock from XTAL
Clock: CPU: 580MHz, Bus: 193MHz, XTAL: 40MHz
Model: GARDENA smart Gateway (MT7688)
DRAM:  128 MiB
WDT:   Started with servicing (60s timeout)
Loading Environment from SPIFlash... SF: Detected XM25QH64C with page size 256 Bytes, erase size 4 KiB, total 8 MiB
OK
F-Data:factory-data version 1 detected
F-Data:Values don't match env values -> saving
Saving Environment to SPIFlash... Erasing SPI flash...
FATAL: read zero bytes from port
term_exitfunc: reset failed for dev UNKNOWN: Input/output error
reto@michael:~$ picocom -b 115200 /dev/ttyUSB0 
picocom v3.1

port is        : /dev/ttyUSB0
flowcontrol    : none
baudrate is    : 115200
parity is      : none
databits are   : 8
stopbits are   : 1
escape is      : C-a
local echo is  : no
noinit is      : no
noreset is     : no
hangup is      : no
nolock is      : no
send_cmd is    : sz -vv
receive_cmd is : rz -vv -E
imap is        : 
omap is        : 
emap is        : crcrlf,delbs,
logfile is     : none
initstring     : none
exit_after is  : not set
exit is        : no

Type [C-a] [C-h] to see available commands
Terminal ready


U-Boot 2019.01-rc2-mt7688-2018-12-18-gardena-rc2-yocto (Jan 04 2019 - 03:45:05 +0000)

CPU:   MT7628 Rev 1.2 - Boot from XTAL (3-Byte SPI Addr)
Model: Gardena smart-Gateway-MT7688
DRAM:  128 MiB
Loading Environment from SPI Flash... SF: Detected xm25qh64a with page size 256 Bytes, erase size 4 KiB, total 8 MiB
OK
Watchdog: Started
F-Data:factory-data version 1 detected
Net:   eth0: eth@10110000
Hit any key to stop autoboot:  0 
=> run do
  do_boot_from_flash do_dev_import_default_env do_dev_led_on
  do_dev_led_set_state do_factory_reset do_flash do_flash_kernel
  do_flash_rootfs do_if_factory_reset do_if_flashing_setup
  do_if_resurrection_reset do_if_u_boot_upgrade do_reset_overlay
  do_resurrection_reset do_show_bootstrap_error do_start_over do_u_boot_init
  do_u_boot_upgrade ...
=> run do_start_over 
## Resetting to default environment
Saving Environment to SPI Flash... Erasing SPI flash...Writing to SPI flash...done
Valid environment: 2
OK
resetting ...


U-Boot 2019.01-rc2-mt7688-2018-12-18-gardena-rc2-yocto (Jan 04 2019 - 03:45:05 +0000)

CPU:   MT7628 Rev 1.2 - Boot from XTAL (3-Byte SPI Addr)
Model: Gardena smart-Gateway-MT7688
DRAM:  128 MiB
Loading Environment from SPI Flash... SF: Detected xm25qh64a with page size 256 Bytes, erase size 4 KiB, total 8 MiB
OK
Watchdog: Started
F-Data:factory-data version 1 detected
F-Data:Values don't match env values -> saving
Saving Environment to SPI Flash... Erasing SPI flash...Writing to SPI flash...done
Valid environment: 1
OK
Net:   eth0: eth@10110000
Hit any key to stop autoboot:  0 
Waiting for link to come up ..................... timeout! Trying anyways
BOOTP broadcast 1
BOOTP broadcast 2
BOOTP broadcast 3
BOOTP broadcast 4
BOOTP broadcast 5
BOOTP broadcast 6
BOOTP broadcast 7
BOOTP broadcast 8
BOOTP broadcast 9
BOOTP broadcast 10
BOOTP broadcast 11
BOOTP broadcast 12
BOOTP broadcast 13
BOOTP broadcast 14
BOOTP broadcast 15

