
U-Boot SPL 2021.04-gardena-6 (Jun 10 2021 - 16:05:31 +0000)
Trying to boot from NOR


U-Boot 2021.04-gardena-6 (Jun 10 2021 - 16:05:31 +0000)

CPU:   MediaTek MT7688A ver:1 eco:2
Boot:  DDR2, SPI-NOR 3-Byte Addr, CPU clock from XTAL
Clock: CPU: 580MHz, Bus: 193MHz, XTAL: 40MHz
Model: GARDENA smart Gateway (MT7688)
DRAM:  128 MiB
WDT:   Started with servicing (60s timeout)
Loading Environment from SPIFlash... SF: Detected XM25QH64C with page size 256 Bytes, erase size 4 KiB, total 8 MiB
OK
F-Data:factory-data version 1 detected
Net:   eth0: eth@10110000
Autoboot in 2 seconds
=> run do
  do_boot_from_flash do_dev_flash_rootfs do_dev_led_on do_dev_led_set_state
  do_dev_nfs_bootcmd do_factory_reset do_flash_kernel do_if_factory_reset
  do_if_flashing_setup do_if_u_boot_upgrade do_print_ids do_reset_overlay
  do_resurrection_reset do_show_bootstrap_error do_start_over
  do_u_boot_upgrade do_u_boot_verify do_u_boot_verify_pass ...
=> run do_start_over 
## Resetting to default environment
## Error: Can't force access to "bootcmd"
## Error: Can't force access to "bootdelay"
## Error: Can't force access to "baudrate"
## Error: Can't force access to "arch"
## Error: Can't force access to "cpu"
## Error: Can't force access to "board"
## Error: Can't force access to "board_name"
## Error: Can't force access to "vendor"
## Error: Can't force access to "soc"
Saving Environment to SPIFlash... Erasing SPI flash...Writing to SPI flash...done
Valid environment: 1
OK
resetting ...

U-Boot SPL 2021.04-gardena-6 (Jun 10 2021 - 16:05:31 +0000)
Trying to boot from NOR


U-Boot 2021.04-gardena-6 (Jun 10 2021 - 16:05:31 +0000)

CPU:   MediaTek MT7688A ver:1 eco:2
Boot:  DDR2, SPI-NOR 3-Byte Addr, CPU clock from XTAL
Clock: CPU: 580MHz, Bus: 193MHz, XTAL: 40MHz
Model: GARDENA smart Gateway (MT7688)
DRAM:  128 MiB
WDT:   Started with servicing (60s timeout)
Loading Environment from SPIFlash... SF: Detected XM25QH64C with page size 256 Bytes, erase size 4 KiB, total 8 MiB
OK
F-Data:factory-data version 1 detected
F-Data:Values don't match env values -> saving
Saving Environment to SPIFlash... Erasing SPI flash...Writing to SPI flash...done
Valid environment: 2
OK
Net:   eth0: eth@10110000
Autoboot in 2 seconds
eth@10110000 Waiting for PHY auto negotiation to complete....������<�|��������xxxxxxxx
Unknown command 'xxxxxxxxxxxxx' - try 'help'
run do 
  do_boot_from_flash do_dev_flash_rootfs do_dev_led_on do_dev_led_set_state
  do_dev_nfs_bootcmd do_factory_reset do_flash_kernel do_if_factory_reset
  do_if_flashing_setup do_if_u_boot_upgrade do_print_ids do_reset_overlay
  do_resurrection_reset do_show_bootstrap_error do_start_over
  do_u_boot_upgrade do_u_boot_verify do_u_boot_verify_pass ...
=> run do_start_over 
## Resetting to default environment
## Error: Can't force access to "bootcmd"
## Error: Can't force access to "bootdelay"
## Error: Can't force access to "baudrate"
## Error: Can't force access to "arch"
## Error: Can't force access to "cpu"
## Error: Can't force access to "board"
## Error: Can't force access to "board_name"
## Error: Can't force access to "vendor"
## Error: Can't force access to "soc"
Saving Environment to SPIFlash... Erasing SPI flash...Writing to SPI flash...done
Valid environment: 1
OK
resetting ...

U-Boot SPL 2021.04-gardena-6 (Jun 10 2021 - 16:05:31 +0000)
Trying to boot from NOR


U-Boot 2021.04-gardena-6 (Jun 10 2021 - 16:05:31 +0000)

CPU:   MediaTek MT7688A ver:1 eco:2
Boot:  DDR2, SPI-NOR 3-Byte Addr, CPU clock from XTAL
Clock: CPU: 580MHz, Bus: 193MHz, XTAL: 40MHz
Model: GARDENA smart Gateway (MT7688)
DRAM:  128 MiB
WDT:   Started with servicing (60s timeout)
Loading Environment from SPIFlash... SF: Detected XM25QH64C with page size 256 Bytes, erase size 4 KiB, total 8 MiB
OK
F-Data:factory-data version 1 detected
F-Data:Values don't match env values -> saving
Saving Environment to SPIFlash... Erasing SPI flash...
U-Boot SPL 2021.04-gardena-6 (Jun 10 2021 - 16:05:31 +0000)
Trying to boot from NOR


U-Boot 2021.04-gardena-6 (Jun 10 2021 - 16:05:31 +0000)

CPU:   MediaTek MT7688A ver:1 eco:2
Boot:  DDR2, SPI-NOR 3-Byte Addr, CPU clock from XTAL
Clock: CPU: 580MHz, Bus: 193MHz, XTAL: 40MHz
Model: GARDENA smart Gateway (MT7688)
DRAM:  128 MiB
WDT:   Started with servicing (60s timeout)
Loading Environment from SPIFlash... SF: Detected XM25QH64C with page size 256 Bytes, erase size 4 KiB, total 8 MiB
OK
F-Data:factory-data version 1 detected
Net:   eth0: eth@10110000
Autoboot in 2 seconds
linuxmoduleid=f05a06b2-dd4c-4c0d-a43d-ea759c871867
gatewayid=2a47a1d1-03f7-4313-bc8f-c5de152fb9a6
radiomoduleid=5ca2186a-712a-4811-aaa3-8eda156ff10b
ubi0: default fastmap pool size: 50
ubi0: default fastmap WL pool size: 25
ubi0: attaching mtd7
ubi0: scanning is finished
ubi0: attached mtd7 (name "nand", size 128 MiB)
ubi0: PEB size: 131072 bytes (128 KiB), LEB size: 126976 bytes
ubi0: min./max. I/O unit sizes: 2048/2048, sub-page size 2048
ubi0: VID header offset: 2048 (aligned 2048), data offset: 4096
ubi0: good PEBs: 1024, bad PEBs: 0, corrupted PEBs: 0
ubi0: user volume: 5, internal volumes: 1, max. volumes count: 128
ubi0: max/mean erase counter: 2/1, WL threshold: 4096, image sequence number: 0
ubi0: available PEBs: 18, total reserved PEBs: 1006, PEBs reserved for bad PEB handling: 22
gpio: pin PA11 (gpio 11) value is 1
## Error: "recovery_status" not defined
gpio: pin PA11 (gpio 11) value is 1
No size specified -> Using max size (3144016)
Read 3144016 bytes from volume kernel0 to 80a00000

U-Boot SPL 2021.04-gardena-6 (Jun 10 2021 - 16:05:31 +0000)
Trying to boot from NOR


U-Boot 2021.04-gardena-6 (Jun 10 2021 - 16:05:31 +0000)

CPU:   MediaTek MT7688A ver:1 eco:2
Boot:  DDR2, SPI-NOR 3-Byte Addr, CPU clock from XTAL
Clock: CPU: 580MHz, Bus: 193MHz, XTAL: 40MHz
Model: GARDENA smart Gateway (MT7688)
DRAM:  128 MiB
WDT:   Started with servicing (60s timeout)
Loading Environment from SPIFlash... SF: Detected XM25QH64C with page size 256 Bytes, erase size 4 KiB, total 8 MiB
OK
F-Data:factory-data version 1 detected
Net:   eth0: eth@10110000
Autoboot in 2 seconds
=> run do
  do_boot_from_flash do_dev_flash_rootfs do_dev_led_on do_dev_led_set_state
  do_dev_nfs_bootcmd do_factory_reset do_flash_kernel do_if_factory_reset
  do_if_flashing_setup do_if_u_boot_upgrade do_print_ids do_reset_overlay
  do_resurrection_reset do_show_bootstrap_error do_start_over
  do_u_boot_upgrade do_u_boot_verify do_u_boot_verify_pass ...
=> run do_
  do_boot_from_flash do_dev_flash_rootfs do_dev_led_on do_dev_led_set_state
  do_dev_nfs_bootcmd do_factory_reset do_flash_kernel do_if_factory_reset
  do_if_flashing_setup do_if_u_boot_upgrade do_print_ids do_reset_overlay
  do_resurrection_reset do_show_bootstrap_error do_start_over
  do_u_boot_upgrade do_u_boot_verify do_u_boot_verify_pass ...
=> run do_start_over 
## Resetting to default environment
## Error: Can't force access to "bootcmd"
## Error: Can't force access to "bootdelay"
## Error: Can't force access to "baudrate"
## Error: Can't force access to "arch"
## Error: Can't force access to "cpu"
## Error: Can't force access to "board"
## Error: Can't force access to "board_name"
## Error: Can't force access to "vendor"
## Error: Can't force access to "soc"
Saving Environment to SPIFlash... Erasing SPI flash...Writing to SPI flash...done
Valid environment: 1
OK
resetting ...

U-Boot SPL 2021.04-gardena-6 (Jun 10 2021 - 16:05:31 +0000)
Trying to boot from NOR


U-Boot 2021.04-gardena-6 (Jun 10 2021 - 16:05:31 +0000)

CPU:   MediaTek MT7688A ver:1 eco:2
Boot:  DDR2, SPI-NOR 3-Byte Addr, CPU clock from XTAL
Clock: CPU: 580MHz, Bus: 193MHz, XTAL: 40MHz
Model: GARDENA smart Gateway (MT7688)
DRAM:  128 MiB
WDT:   Started with servicing (60s timeout)
Loading Environment from SPIFlash... SF: Detected XM25QH64C with page size 256 Bytes, erase size 4 KiB, total 8 MiB
OK
F-Data:factory-data version 1 detected
F-Data:Values don't match env values -> saving
Saving Environment to SPIFlash... Erasing SPI flash...Writing to SPI flash...done
Valid environment: 2
OK
Net:   eth0: eth@10110000
Autoboot in 2 seconds
eth@10110000 Waiting for PHY auto negotiation to complete.... done
BOOTP broadcast 1
BOOTP broadcast 2
BOOTP broadcast 3
BOOTP broadcast 4
�� x���G�@
U-Boot SPL 2021.04-gardena-6 (Jun 10 2021 - 16:05:31 +0000)
Trying to boot from NOR
LZMA decompression error: 1
SPL: failed to boot from all boot devices
### ERROR ### Please RESET the board ###

U-Boot SPL 2021.04-gardena-6 (Jun 10 2021 - 16:05:31 +0000)
Trying to boot from NOR
LZMA decompression error: 1
SPL: failed to boot from all boot devices
### ERROR ### Please RESET the board ###

U-Boot SPL 2021.04-gardena-6 (Jun 10 2021 - 16:05:31 +0000)
Trying to boot from NOR


U-Boot 2021.04-gardena-6 (Jun 10 2021 - 16:05:31 +0000)

CPU:   MediaTek MT7688A ver:1 eco:2
Boot:  DDR2, SPI-NOR 3-Byte Addr, CPU clock from XTAL
Clock: CPU: 580MHz, Bus: 193MHz, XTAL: 40MHz
Model: GARDENA smart Gateway (MT7688)
DRAM:  128 MiB
WDT:   Started with servicing (60s timeout)
Loading Environment from SPIFlash... SF: Detected XM25QH64C with page size 256 Bytes, erase size 4 KiB, total 8 MiB
OK
F-Data:factory-data version 1 detected
Net:   eth0: eth@10110000
Autoboot in 2 seconds
=> run do
  do_boot_from_flash do_dev_flash_rootfs do_dev_led_on do_dev_led_set_state
  do_dev_nfs_bootcmd do_factory_reset do_flash_kernel do_if_factory_reset
  do_if_flashing_setup do_if_u_boot_upgrade do_print_ids do_reset_overlay
  do_resurrection_reset do_show_bootstrap_error do_start_over
  do_u_boot_upgrade do_u_boot_verify do_u_boot_verify_pass ...
=> run do_start_over 
## Resetting to default environment
## Error: Can't force access to "bootcmd"
## Error: Can't force access to "bootdelay"
## Error: Can't force access to "baudrate"
## Error: Can't force access to "arch"
## Error: Can't force access to "cpu"
## Error: Can't force access to "board"
## Error: Can't force access to "board_name"
## Error: Can't force access to "vendor"
## Error: Can't force access to "soc"
Saving Environment to SPIFlash... Erasing SPI flash...Writing to SPI flash...done
Valid environment: 1
OK
resetting ...

U-Boot SPL 2021.04-gardena-6 (Jun 10 2021 - 16:05:31 +0000)
Trying to boot from NOR


U-Boot 2021.04-gardena-6 (Jun 10 2021 - 16:05:31 +0000)

CPU:   MediaTek MT7688A ver:1 eco:2
Boot:  DDR2, SPI-NOR 3-Byte Addr, CPU clock from XTAL
Clock: CPU: 580MHz, Bus: 193MHz, XTAL: 40MHz
Model: GARDENA smart Gateway (MT7688)
DRAM:  128 MiB
WDT:   Started with servicing (60s timeout)
Loading Environment from SPIFlash... SF: Detected XM25QH64C with page size 256 Bytes, erase size 4 KiB, total 8 MiB
OK
F-Data:factory-data version 1 detected
F-Data:Values don't match env values -> saving
Saving Environment to SPIFlash... Erasing SPI flash...Writing to SPI flash...done
Valid environment: 2
OK
Net:   eth0: eth@10110000
Autoboot in 2 seconds
eth@10110000 Waiting for PHY auto negotiation to complete..�
                                                            0����
FATAL: read zero bytes from port
term_exitfunc: reset failed for dev UNKNOWN: Input/output error
reto@michael:~$ picocom -b 115200 /dev/ttyUSB0 
picocom v3.1

port is        : /dev/ttyUSB0
flowcontrol    : none
baudrate is    : 115200
parity is      : none
databits are   : 8
stopbits are   : 1
escape is      : C-a
local echo is  : no
noinit is      : no
noreset is     : no
hangup is      : no
nolock is      : no
send_cmd is    : sz -vv
receive_cmd is : rz -vv -E
imap is        : 
omap is        : 
emap is        : crcrlf,delbs,
logfile is     : none
initstring     : none
exit_after is  : not set
exit is        : no

Type [C-a] [C-h] to see available commands
Terminal ready
�
U-Boot SPL 2021.04-gardena-6 (Jun 10 2021 - 16:05:31 +0000)
Trying to boot from NOR


U-Boot 2021.04-gardena-6 (Jun 10 2021 - 16:05:31 +0000)

CPU:   MediaTek MT7688A ver:1 eco:2
Boot:  DDR2, SPI-NOR 3-Byte Addr, CPU clock from XTAL
Clock: CPU: 580MHz, Bus: 193MHz, XTAL: 40MHz
Model: GARDENA smart Gateway (MT7688)
DRAM:  128 MiB
WDT:   Started with servicing (60s timeout)
Loading Environment from SPIFlash... SF: Detected XM25QH64C with page size 256 Bytes, erase size 4 KiB, total 8 MiB
OK
F-Data:factory-data version 1 detected
Net:   
U-Boot SPL 2021.04-gardena-6 (Jun 10 2021 - 16:05:31 +0000)
Trying to boot from NOR


U-Boot 2021.04-gardena-6 (Jun 10 2021 - 16:05:31 +0000)

CPU:   MediaTek MT7688A ver:1 eco:2
Boot:  DDR2, SPI-NOR 3-Byte Addr, CPU clock from XTAL
Clock: CPU: 580MHz, Bus: 193MHz, XTAL: 40MHz
Model: GARDENA smart Gateway (MT7688)
DRAM:  128 MiB
WDT:   Started with servicing (60s timeout)
Loading Environment from SPIFlash... SF: Detected XM25QH64C with page size 256 Bytes, erase size 4 KiB, total 8 MiB
OK
F-Data:factory-data version 1 detected
Net:   eth0: eth@10110000
Autoboot in 2 seconds
linuxmoduleid=85504e27-b309-44b0-9ab7-69704f518b8d
gatewayid=unset
radiomoduleid=unset
ubi0: default fastmap pool size: 50
ubi0: default fastmap WL pool size: 25
ubi0: attaching mtd7
ubi0: scanning is finished
ubi0: attached mtd7 (name "nand", size 128 MiB)
ubi0: PEB size: 131072 bytes (128 KiB), LEB size: 126976 bytes
ubi0: min./max. I/O unit sizes: 2048/2048, sub-page size 2048
ubi0: VID header offset: 2048 (aligned 2048), data offset: 4096
ubi0: good PEBs: 1024, bad PEBs: 0, corrupted PEBs: 0
ubi0: user volume: 5, internal volumes: 1, max. volumes count: 128
ubi0: max/mean erase counter: 2/1, WL threshold: 4096, image sequence number: 0
ubi0: available PEBs: 18, total reserved PEBs: 1006, PEBs reserved for bad PEB handling: 22
gpio: pin PA11 (gpio 11) value is 1
## Error: "recovery_status" not defined
gpio: pin PA11 (gpio 11) value is 1
No size specified -> Using max size (3144016)
Read 3144016 bytes from volume kernel0 to 80a00000
## Loading kernel from FIT Image at 80a00000 ...
   Using 'conf-ralink_gardena_smart_gateway_mt7688.dtb' configuration
   Verifying Hash Integrity ... OK
   Trying 'kernel-1' kernel subimage
     Description:  Linux kernel
     Type:         Kernel Image
     Compression:  gzip compressed
     Data Start:   0x80a00118
     Data Size:    3134397 Bytes = 3 MiB
     Architecture: MIPS
     OS:           Linux
     Load Address: 0x80000000
     Entry Point:  0x80000400
     Hash algo:    sha256
     Hash value:   9c3115ee7cd2794843a52960a175a4d36573f041b8efa4d6b61126402dee1b56
   Verifying Hash Integrity ... sha256+ OK
## Loading fdt from FIT Image at 80a00000 ...
   Using 'conf-ralink_gardena_smart_gateway_mt7688.dtb' configuration
   Verifying Hash Integrity ... OK
   Trying 'ftd-ralink_gardena_smart_gateway_mt7688.dtb' fdt subimage
     Description:  Flattened Device Tree blob
     Type:         Flat Device Tree
     Compression:  uncompressed
     Data Start:   0x80cfd600
     Data Size:    7574 Bytes = 7.4 KiB
     Architecture: MIPS
     Hash algo:    sha256
     Hash value:   5cc523f9207fbc3435951bfdcbf5cd85e9d64cbaac6dc586c34f11581b91292e
   Verifying Hash Integrity ... sha256+ OK
   Booting using the fdt blob at 0x80cfd600
   Uncompressing Kernel Image
   Loading Device Tree to 86f46000, end 86f4ad95 ... OK
[    0.000000] timer_probe: no matching timers found

U-Boot SPL 2021.04-gardena-6 (Jun 10 2021 - 16:05:31 +0000)
Trying to boot from NOR


U-Boot 2021.04-gardena-6 (Jun 10 2021 - 16:05:31 +0000)

CPU:   MediaTek MT7688A ver:1 eco:2
Boot:  DDR2, SPI-NOR 3-Byte Addr, CPU clock from XTAL
Clock: CPU: 580MHz, Bus: 193MHz, XTAL: 40MHz
Model: GARDENA smart Gateway (MT7688)
DRAM:  128 MiB
WDT:   Started with servicing (60s timeout)
Loading Environment from SPIFlash... SF: Detected XM25QH64C with page size 256 Bytes, erase size 4 KiB, total 8 MiB
OK
F-Data:factory-data version 1 detected
Net:   eth0: eth@10110000
Autoboot in 2 seconds
=> run do
  do_boot_from_flash do_dev_flash_rootfs do_dev_led_on do_dev_led_set_state
  do_dev_nfs_bootcmd do_factory_reset do_flash_kernel do_if_factory_reset
  do_if_flashing_setup do_if_u_boot_upgrade do_print_ids do_reset_overlay
  do_resurrection_reset do_show_bootstrap_error do_start_over
  do_u_boot_upgrade do_u_boot_verify do_u_boot_verify_pass ...
=> run do_
  do_boot_from_flash do_dev_flash_rootfs do_dev_led_on do_dev_led_set_state
  do_dev_nfs_bootcmd do_factory_reset do_flash_kernel do_if_factory_reset
  do_if_flashing_setup do_if_u_boot_upgrade do_print_ids do_reset_overlay
  do_resurrection_reset do_show_bootstrap_error do_start_over
  do_u_boot_upgrade do_u_boot_verify do_u_boot_verify_pass ...
=> run do_start_over 
## Resetting to default environment
## Error: Can't force access to "bootcmd"
## Error: Can't force access to "bootdelay"
## Error: Can't force access to "baudrate"
## Error: Can't force access to "arch"
## Error: Can't force access to "cpu"
## Error: Can't force access to "board"
## Error: Can't force access to "board_name"
## Error: Can't force access to "vendor"
## Error: Can't force access to "soc"
Saving Environment to SPIFlash... Erasing SPI flash...Writing to SPI flash...done
Valid environment: 2
OK
resetting ...

U-Boot SPL 2021.04-gardena-6 (Jun 10 2021 - 16:05:31 +0000)
Trying to boot from NOR


U-Boot 2021.04-gardena-6 (Jun 10 2021 - 16:05:31 +0000)

CPU:   MediaTek MT7688A ver:1 eco:2
Boot:  DDR2, SPI-NOR 3-Byte Addr, CPU clock from XTAL
Clock: CPU: 580MHz, Bus: 193MHz, XTAL: 40MHz
Model: GARDENA smart Gateway (MT7688)
DRAM:  128 MiB
WDT:   Started with servicing (60s timeout)
Loading Environment from SPIFlash... SF: Detected XM25QH64C with page size 256 Bytes, erase size 4 KiB, total 8 MiB
OK
F-Data:factory-data version 1 detected
F-Data:Values don't match env values -> saving
Saving Environment to SPIFlash... Erasing SPI flash...Writing to SPI flash...done
Valid environment: 1
OK
Net:   eth0: eth@10110000
Autoboot in 2 seconds
eth@10110000 Waiting for PHY auto negotiation to complete.... done
BOOTP broadcast 1
BOOTP broadcast 2
DHCP client bound to address 10.42.135.172 (260 ms)
Using eth@10110000 device
TFTP from server 10.42.0.1; our IP address is 10.42.135.172
Filename 'uEnv.txt'.
Load address: 0x80100000
Loading: #
	 479.5 KiB/s
done
Bytes transferred = 5899 (170b hex)
U-Boot is up-to-date
BOOTP broadcast 1
DHCP client bound to address 10.42.135.172 (3 ms)
Using eth@10110000 device
TFTP from server 10.42.0.1; our IP address is 10.42.135.172
Filename 'prebuilt-u-boot-with-spl.bin-gardena-sg-mt7688'.
Load address: 0x80100000
Loading: ###################
	 3.4 MiB/s
done
Bytes transferred = 267489 (414e1 hex)
801414e1
801414e5
crc32 for 80100000 ... 801414e0 ==> 9deeda11
Reading 267489 byte(s) at offset 0x00000000
crc32 for 80100000 ... 801414e0 ==> 9deeda11
Total of 4 byte(s) were the same
U-Boot checksum matches
linuxmoduleid=85504e27-b309-44b0-9ab7-69704f518b8d
gatewayid=unset
radiomoduleid=unset
Erasing 0x00000000 ... 0x07ffffff (1024 eraseblock(s))
ubi0: default fastmap pool size: 50
ubi0: default fastmap WL pool size: 25
ubi0: attaching mtd7
�
U-Boot SPL 2021.04-gardena-6 (Jun 10 2021 - 16:05:31 +0000)
Trying to boot from NOR


U-Boot 2021.04-gardena-6 (Jun 10 2021 - 16:05:31 +0000)

CPU:   MediaTek MT7688A ver:1 eco:2
Boot:  DDR2, SPI-NOR 3-Byte Addr, CPU clock from XTAL
Clock: CPU: 580MHz, Bus: 193MHz, XTAL: 40MHz
Model: GARDENA smart Gateway (MT7688)
DRAM:  128 MiB
WDT:   Started with servicing (60s timeout)
Loading Environment from SPIFlash... SF: Detected XM25QH64C with page size 256 Bytes, erase size 4 KiB, total 8 MiB
OK
F-Data:factory-data version 1 detected
Net:   eth0: eth@10110000
Autoboot in 2 seconds
=> run do
  do_boot_from_flash do_dev_flash_rootfs do_dev_led_on do_dev_led_set_state
  do_dev_nfs_bootcmd do_factory_reset do_flash_kernel do_if_factory_reset
  do_if_flashing_setup do_if_u_boot_upgrade do_print_ids do_reset_overlay
  do_resurrection_reset do_show_bootstrap_error do_start_over
  do_u_boot_upgrade do_u_boot_verify do_u_boot_verify_pass ...
=> run do_reset_overlay 
ubi0: default fastmap pool size: 50
ubi0: default fastmap WL pool size: 25
ubi0: attaching mtd7
ubi0: scanning is finished
ubi0: attached mtd7 (name "nand", size 128 MiB)
ubi0: PEB size: 131072 bytes (128 KiB), LEB size: 126976 bytes
ubi0: min./max. I/O unit sizes: 2048/2048, sub-page size 2048
ubi0: VID header offset: 2048 (aligned 2048), data offset: 4096
ubi0: good PEBs: 1024, bad PEBs: 0, corrupted PEBs: 0
ubi0: user volume: 5, internal volumes: 1, max. volumes count: 128
ubi0: max/mean erase counter: 2/1, WL threshold: 4096, image sequence number: 0
ubi0: available PEBs: 18, total reserved PEBs: 1006, PEBs reserved for bad PEB handling: 22
Remove UBI volume overlay (id 4)
Creating dynamic volume overlay of size 31457280
=> run do
  do_boot_from_flash do_dev_flash_rootfs do_dev_led_on do_dev_led_set_state
  do_dev_nfs_bootcmd do_factory_reset do_flash_kernel do_if_factory_reset
  do_if_flashing_setup do_if_u_boot_upgrade do_print_ids do_reset_overlay
  do_resurrection_reset do_show_bootstrap_error do_start_over
  do_u_boot_upgrade do_u_boot_verify do_u_boot_verify_pass ...
=> run do_start_over 
## Resetting to default environment
## Error: Can't force access to "bootcmd"
## Error: Can't force access to "bootdelay"
## Error: Can't force access to "baudrate"
## Error: Can't force access to "arch"
## Error: Can't force access to "cpu"
## Error: Can't force access to "board"
## Error: Can't force access to "board_name"
## Error: Can't force access to "vendor"
## Error: Can't force access to "soc"
Saving Environment to SPIFlash... Erasing SPI flash...Writing to SPI flash...done
Valid environment: 1
OK
resetting ...

U-Boot SPL 2021.04-gardena-6 (Jun 10 2021 - 16:05:31 +0000)
Trying to boot from NOR


U-Boot 2021.04-gardena-6 (Jun 10 2021 - 16:05:31 +0000)

CPU:   MediaTek MT7688A ver:1 eco:2
Boot:  DDR2, SPI-NOR 3-Byte Addr, CPU clock from XTAL
Clock: CPU: 580MHz, Bus: 193MHz, XTAL: 40MHz
Model: GARDENA smart Gateway (MT7688)
DRAM:  128 MiB
WDT:   Started with servicing (60s timeout)
Loading Environment from SPIFlash... SF: Detected XM25QH64C with page size 256 Bytes, erase size 4 KiB, total 8 MiB
OK
F-Data:factory-data version 1 detected
F-Data:Values don't match env values -> saving
Saving Environment to SPIFlash... Erasing SPI flash...Writing to SPI flash...done
Valid environment: 2
OK
Net:   eth0: eth@10110000
Autoboot in 2 seconds

Terminating...
Skipping tty reset...
Thanks for using picocom
reto@michael:~$ picocom -b 115200 /dev/ttyUSB0 
picocom v3.1

port is        : /dev/ttyUSB0
flowcontrol    : none
baudrate is    : 115200
parity is      : none
databits are   : 8
stopbits are   : 1
escape is      : C-a
local echo is  : no
noinit is      : no
noreset is     : no
hangup is      : no
nolock is      : no
send_cmd is    : sz -vv
receive_cmd is : rz -vv -E
imap is        : 
omap is        : 
emap is        : crcrlf,delbs,
logfile is     : none
initstring     : none
exit_after is  : not set
exit is        : no

Type [C-a] [C-h] to see available commands
Terminal ready
��
U-Boot SPL 2021.04-gardena-6 (Jun 10 2021 - 16:05:31 +0000)
Trying to boot from NOR


U-Boot 2021.04-gardena-6 (Jun 10 2021 - 16:05:31 +0000)

CPU:   MediaTek MT7688A ver:1 eco:2
Boot:  DDR2, SPI-NOR 3-Byte Addr, CPU clock from XTAL
Clock: CPU: 580MHz, Bus: 193MHz, XTAL: 40MHz
Model: GARDENA smart Gateway (MT7688)
DRAM:  128 MiB
WDT:   Started with servicing (60s timeout)
Loading Environment from SPIFlash... SF: Detected XM25QH64C with page size 256 Bytes, erase size 4 KiB, total 8 MiB
OK
F-Data:factory-data version 1 detected
Net:   eth0: eth@10110000
Autoboot in 2 seconds
=> run do
  do_boot_from_flash do_dev_flash_rootfs do_dev_led_on do_dev_led_set_state
  do_dev_nfs_bootcmd do_factory_reset do_flash_kernel do_if_factory_reset
  do_if_flashing_setup do_if_u_boot_upgrade do_print_ids do_reset_overlay
  do_resurrection_reset do_show_bootstrap_error do_start_over
  do_u_boot_upgrade do_u_boot_verify do_u_boot_verify_pass ...
=> run do_start_over 
## Resetting to default environment
## Error: Can't force access to "bootcmd"
## Error: Can't force access to "bootdelay"
## Error: Can't force access to "baudrate"
## Error: Can't force access to "arch"
## Error: Can't force access to "cpu"
## Error: Can't force access to "board"
## Error: Can't force access to "board_name"
## Error: Can't force access to "vendor"
## Error: Can't force access to "soc"
Saving Environment to SPIFlash... Erasing SPI flash...Writing to SPI flash...done
Valid environment: 1
OK
resetting ...

U-Boot SPL 2021.04-gardena-6 (Jun 10 2021 - 16:05:31 +0000)
Trying to boot from NOR


U-Boot 2021.04-gardena-6 (Jun 10 2021 - 16:05:31 +0000)

CPU:   MediaTek MT7688A ver:1 eco:2
Boot:  DDR2, SPI-NOR 3-Byte Addr, CPU clock from XTAL
Clock: CPU: 580MHz, Bus: 193MHz, XTAL: 40MHz
Model: GARDENA smart Gateway (MT7688)
DRAM:  128 MiB
WDT:   Started with servicing (60s timeout)
Loading Environment from SPIFlash... SF: Detected XM25QH64C with page size 256 Bytes, erase size 4 KiB, total 8 MiB
OK
F-Data:factory-data version 1 detected
F-Data:Values don't match env values -> saving
Saving Environment to SPIFlash... Erasing SPI flash...Writing to SPI flash...done
Valid environment: 2
OK
Net:   eth0: eth@10110000
Autoboot in 2 seconds

U-Boot SPL 2021.04-gardena-6 (Jun 10 2021 - 16:05:31 +0000)
Trying to boot from NOR


U-Boot 2021.04-gardena-6 (Jun 10 2021 - 16:05:31 +0000)

CPU:   MediaTek MT7688A ver:1 eco:2
Boot:  DDR2, SPI-NOR 3-Byte Addr, CPU clock from XTAL
Clock: CPU: 580MHz, Bus: 193MHz, XTAL: 40MHz
Model: GARDENA smart Gateway (MT7688)
DRAM:  128 MiB
WDT:   Started with servicing (60s timeout)
Loading Environment from SPIFlash... SF: Detected XM25QH64C with page size 256 Bytes, erase size 4 KiB, total 8 MiB
OK
F-Data:factory-data version 1 detected
Net:   eth0: eth@10110000
Autoboot in 2 seconds
linuxmoduleid=85504e27-b309-44b0-9ab7-69704f518b8d
gatewayid=unset
radiomoduleid=unset
ubi0: default fastmap pool size: 50
ubi0: default fastmap WL pool size: 25
ubi0: attaching mtd7
ubi0: scanning is finished
ubi0: attached mtd7 (name "nand", size 128 MiB)
ubi0: PEB size: 131072 bytes (128 KiB), LEB size: 126976 bytes
ubi0: min./max. I/O unit sizes: 2048/2048, sub-page size 2048
ubi0: VID header offset: 2048 (aligned 2048), data offset: 4096
ubi0: good PEBs: 1024, bad PEBs: 0, corrupted PEBs: 0
ubi0: user volume: 5, internal volumes: 1, max. volumes count: 128
ubi0: max/mean erase counter: 2/1, WL threshold: 4096, image sequence number: 0
ubi0: available PEBs: 18, total reserved PEBs: 1006, PEBs reserved for bad PEB handling: 22
gpio: pin PA11 (gpio 11) value is 1
## Error: "recovery_status" not defined
gpio: pin PA11 (gpio 11) value is 1
No size specified -> Using max size (3375440)
Read 3375440 bytes from volume kernel0 to 80a00000
## Loading kernel from FIT Image at 80a00000 ...
   Using 'conf-ralink_gardena_smart_gateway_mt7688.dtb' configuration
   Verifying Hash Integrity ... OK
   Trying 'kernel-1' kernel subimage
     Description:  Linux kernel
     Type:         Kernel Image
     Compression:  gzip compressed
     Data Start:   0x80a00118
     Data Size:    3365824 Bytes = 3.2 MiB
     Architecture: MIPS
     OS:           Linux
     Load Address: 0x80000000
     Entry Point:  0x80000400
     Hash algo:    sha256
     Hash value:   c533197cd96829af12f738e8148dd30367457043135e4ec6dcdc425747794261
   Verifying Hash Integrity ... sha256+ OK
## Loading fdt from FIT Image at 80a00000 ...
   Using 'conf-ralink_gardena_smart_gateway_mt7688.dtb' configuration
   Verifying Hash Integrity ... OK
   Trying 'fdt-ralink_gardena_smart_gateway_mt7688.dtb' fdt subimage
     Description:  Flattened Device Tree blob
     Type:         Flat Device Tree
     Compression:  uncompressed
     Data Start:   0x80d35e00
     Data Size:    7574 Bytes = 7.4 KiB
     Architecture: MIPS
     Hash algo:    sha256
     Hash value:   5cc523f9207fbc3435951bfdcbf5cd85e9d64cbaac6dc586c34f11581b91292e
   Verifying Hash Integrity ... sha256+ OK
   Booting using the fdt blob at 0x80d35e00
   Uncompressing Kernel Image
   Loading Device Tree to 86f46000, end 86f4ad95 ... OK
[    0.000000] timer_probe: no matching timers found
rorootfs-overlay: Could not mount /dev/ubiblock0_0, bind mounting...

Welcome to GARDENA smart Gateway 7.9.3 (Goodbye Dead Weight)!

[  OK  ] Created slice system-getty.slice.
[  OK  ] Created slice system-serial\x2dgetty.slice.
[  OK  ] Created slice User and Session Slice.
[  OK  ] Started Dispatch Password Requests to Console Directory Watch.
[  OK  ] Started Forward Password Requests to Wall Directory Watch.
[  OK  ] Reached target Paths.
[  OK  ] Reached target Remote File Systems.
[  OK  ] Reached target Slices.
[  OK  ] Reached target Swap.
[  OK  ] Listening on initctl Compatibility Named Pipe.
[  OK  ] Listening on Journal Socket (/dev/log).
[  OK  ] Listening on Journal Socket.
[  OK  ] Listening on Network Service Netlink Socket.
[  OK  ] Listening on udev Control Socket.
[  OK  ] Listening on udev Kernel Socket.
         Mounting Kernel Debug File System...
         Mounting Temporary Directory (/tmp)...
[  OK  ] Started Control power LED during boot process.
         Mounting Kernel Configuration File System...
         Starting Remount Root and Kernel File Systems...
         Starting Apply Kernel Variables...
         Starting udev Coldplug all Devices...
         Starting Mount /run/log/journal as zram...
[  OK  ] Mounted Kernel Debug File System.
[  OK  ] Mounted Temporary Directory (/tmp).
[  OK  ] Mounted Kernel Configuration File System.
[  OK  ] Started Remount Root and Kernel File Systems.
         Starting Create Static Device Nodes in /dev...
[  OK  ] Started Apply Kernel Variables.
[  OK  ] Started Create Static Device Nodes in /dev.
[  OK  ] Reached target Local File Systems (Pre).
         Mounting /var/volatile...
         Starting udev Kernel Device Manager...
[  OK  ] Mounted /var/volatile.
         Starting Load/Save Random Seed...
[  OK  ] Started Load/Save Random Seed.
[  OK  ] Started udev Coldplug all Devices.
[  OK  ] Started Mount /run/log/journal as zram.
[  OK  ] Reached target Local File Systems.
         Starting Ethernet LED configuration...
         Starting Journal Service...
         Starting Data migration...
[  OK  ] Started Ethernet LED configuration.
[  OK  ] Started Data migration.
[  OK  ] Started udev Kernel Device Manager.
[  OK  ] Started Journal Service.
         Starting Flush Journal to Persistent Storage...
[  OK  ] Started Flush Journal to Persistent Storage.
         Starting Create Volatile Files and Directories...
[  OK  ] Started Create Volatile Files and Directories.
         Starting Network Time Synchronization...
         Starting Update UTMP about System Boot/Shutdown...
[  OK  ] Started Update UTMP about System Boot/Shutdown.
[  OK  ] Started Network Time Synchronization.
[  OK  ] Reached target System Initialization.
[  OK  ] Started Daily Cleanup of Temporary Directories.
[  OK  ] Reached target System Time Set.
[  OK  ] Reached target System Time Synchronized.
[  OK  ] Listening on D-Bus System Message Bus Socket.
[  OK  ] Listening on dropbear.socket.
[  OK  ] Listening on gateway-config-backend.socket.
[  OK  ] Reached target Sockets.
[  OK  ] Reached target Basic System.
[  OK  ] Started D-Bus System Message Bus.
         Starting U-Boot Environment Extractor...
[  OK  ] Started Getty on tty1.
         Starting IPv6 Packet Filtering Framework...
         Starting IPv4 Packet Filtering Framework...
         Starting Reset Radio Module on boot...
         Starting Flash RM test firmware...
[  OK  ] Started SWUpdate progress service.
         Starting Login Service...
         Starting Configure unique hostname...
         Starting Update Hardware Revision file...
         Starting Update Software Versions file for SWUpdate...
[  OK  ] Started Configure unique hostname.
[  OK  ] Started U-Boot Environment Extractor.
[  OK  ] Started IPv6 Packet Filtering Framework.
[  OK  ] Started IPv4 Packet Filtering Framework.
[  OK  ] Started Update Hardware Revision file.
[  OK  ] Started Update Software Versions file for SWUpdate.
[  OK  ] Reached target Network (Pre).
[  OK  ] Listening on Load/Save RF Kill Switch Status /dev/rfkill Watch.
         Starting dhcpcd on all interfaces...
         Starting install simple iptable rules...
         Starting Network Service...
[  OK  ] Started Reset Radio Module on boot.
         Starting RF LED setup...
[  OK  ] Started RF LED setup.
         Starting Load/Save RF Kill Switch Status...
[  OK  ] Started dhcpcd on all interfaces.
[  OK  ] Started Login Service.
[  OK  ] Started Load/Save RF Kill Switch Status.
[  OK  ] Started Network Service.
         Starting Wait for Network to be Configured...
[  OK  ] Started Wait for Network to be Configured.
[  OK  ] Started install simple iptable rules.
[  OK  ] Reached target Network.
[  OK  ] Reached target Network is Online.
[  OK  ] Started SSH Tunnel Timer.
[  OK  ] Started Run swupdate-check.service …artup and periodically thereafter.
[  OK  ] Reached target Timers.
         Starting Zero-configuration networking...
[  OK  ] Started Zero-configuration networking.
[  OK  ] Stopped Run swupdate-check.service …artup and periodically thereafter.
         Stopping Run swupdate-check.service…artup and periodically thereafter.
[  OK  ] Started Run swupdate-check.service …artup and periodically thereafter.
[     *�w���w] A start job is running for Flash RM test firmware (1min 5s / no limit)
��
U-Boot SPL 2021.04-gardena-6 (Jun 10 2021 - 16:05:31 +0000)
Trying to boot from NOR


U-Boot 2021.04-gardena-6 (Jun 10 2021 - 16:05:31 +0000)

CPU:   MediaTek MT7688A ver:1 eco:2
Boot:  DDR2, SPI-NOR 3-Byte Addr, CPU clock from XTAL
Clock: CPU: 580MHz, Bus: 193MHz, XTAL: 40MHz
Model: GARDENA smart Gateway (MT7688)
DRAM:  128 MiB
WDT:   Started with servicing (60s timeout)
Loading Environment from SPIFlash... SF: Detected XM25QH64C with page size 256 Bytes, erase size 4 KiB, total 8 MiB
OK
F-Data:factory-data version 1 detected
Net:   eth0: eth@10110000
Autoboot in 2 seconds
=> run do
  do_boot_from_flash do_dev_flash_rootfs do_dev_led_on do_dev_led_set_state
  do_dev_nfs_bootcmd do_factory_reset do_flash_kernel do_if_factory_reset
  do_if_flashing_setup do_if_u_boot_upgrade do_print_ids do_reset_overlay
  do_resurrection_reset do_show_bootstrap_error do_start_over
  do_u_boot_upgrade do_u_boot_verify do_u_boot_verify_pass ...
=> run do_
  do_boot_from_flash do_dev_flash_rootfs do_dev_led_on do_dev_led_set_state
  do_dev_nfs_bootcmd do_factory_reset do_flash_kernel do_if_factory_reset
  do_if_flashing_setup do_if_u_boot_upgrade do_print_ids do_reset_overlay
  do_resurrection_reset do_show_bootstrap_error do_start_over
  do_u_boot_upgrade do_u_boot_verify do_u_boot_verify_pass ...
=> run do_  
  do_boot_from_flash do_dev_flash_rootfs do_dev_led_on do_dev_led_set_state
  do_dev_nfs_bootcmd do_factory_reset do_flash_kernel do_if_factory_reset
  do_if_flashing_setup do_if_u_boot_upgrade do_print_ids do_reset_overlay
  do_resurrection_reset do_show_bootstrap_error do_start_over
  do_u_boot_upgrade do_u_boot_verify do_u_boot_verify_pass ...
=> run do_
  do_boot_from_flash do_dev_flash_rootfs do_dev_led_on do_dev_led_set_state
  do_dev_nfs_bootcmd do_factory_reset do_flash_kernel do_if_factory_reset
  do_if_flashing_setup do_if_u_boot_upgrade do_print_ids do_reset_overlay
  do_resurrection_reset do_show_bootstrap_error do_start_over
  do_u_boot_upgrade do_u_boot_verify do_u_boot_verify_pass ...
=> run do_start_over 
## Resetting to default environment
## Error: Can't force access to "bootcmd"
## Error: Can't force access to "bootdelay"
## Error: Can't force access to "baudrate"
## Error: Can't force access to "arch"
## Error: Can't force access to "cpu"
## Error: Can't force access to "board"
## Error: Can't force access to "board_name"
## Error: Can't force access to "vendor"
## Error: Can't force access to "soc"
Saving Environment to SPIFlash... Erasing SPI flash...Writing to SPI flash...done
Valid environment: 1
OK
resetting ...

U-Boot SPL 2021.04-gardena-6 (Jun 10 2021 - 16:05:31 +0000)
Trying to boot from NOR


U-Boot 2021.04-gardena-6 (Jun 10 2021 - 16:05:31 +0000)

CPU:   MediaTek MT7688A ver:1 eco:2
Boot:  DDR2, SPI-NOR 3-Byte Addr, CPU clock from XTAL
Clock: CPU: 580MHz, Bus: 193MHz, XTAL: 40MHz
Model: GARDENA smart Gateway (MT7688)
DRAM:  128 MiB
WDT:   Started with servicing (60s timeout)
Loading Environment from SPIFlash... SF: Detected XM25QH64C with page size 256 Bytes, erase size 4 KiB, total 8 MiB
OK
F-Data:factory-data version 1 detected
F-Data:Values don't match env values -> saving
Saving Environment to SPIFlash... Erasing SPI flash...Writing to SPI flash...done
Valid environment: 2
OK
Net:   eth0: eth@10110000
Autoboot in 2 seconds
eth@10110000 Waiting for PHY auto negotiation to complete.... done
BOOTP broadcast 1

U-Boot SPL 2021.04-gardena-6 (Jun 10 2021 - 16:05:31 +0000)
Trying to boot from NOR


U-Boot 2021.04-gardena-6 (Jun 10 2021 - 16:05:31 +0000)

CPU:   MediaTek MT7688A ver:1 eco:2
Boot:  DDR2, SPI-NOR 3-Byte Addr, CPU clock from XTAL
Clock: CPU: 580MHz, Bus: 193MHz, XTAL: 40MHz
Model: GARDENA smart Gateway (MT7688)
DRAM:  128 MiB
WDT:   Started with servicing (60s timeout)
Loading Environment from SPIFlash... SF: Detected XM25QH64C with page size 256 Bytes, erase size 4 KiB, total 8 MiB
OK
F-Data:factory-data version 1 detected
F-Data:Values don't match env values -> saving
Saving Environment to SPIFlash... Erasing SPI flash...Writing to SPI flash...done
Valid environment: 1
OK
Net:   eth0: eth@10110000
Autoboot in 2 seconds
=> reset    
resetting ...

U-Boot SPL 2021.04-gardena-6 (Jun 10 2021 - 16:05:31 +0000)
Trying to boot from NOR


U-Boot 2021.04-gardena-6 (Jun 10 2021 - 16:05:31 +0000)

CPU:   MediaTek MT7688A ver:1 eco:2
Boot:  DDR2, SPI-NOR 3-Byte Addr, CPU clock from XTAL
Clock: CPU: 580MHz, Bus: 193MHz, XTAL: 40MHz
Model: GARDENA smart Gateway (MT7688)
DRAM:  128 MiB
WDT:   Started with servicing (60s timeout)
Loading Environment from SPIFlash... SF: Detected XM25QH64C with page size 256 Bytes, erase size 4 KiB, total 8 MiB
OK
F-Data:factory-data version 1 detected
Net:   eth0: eth@10110000
Autoboot in 2 seconds
eth@10110000 Waiting for PHY auto negotiation to complete..... done
BOOTP broadcast 1
BOOTP broadcast 2
BOOTP broadcast 3
BOOTP broadcast 4
DHCP client bound to address 10.42.117.92 (3013 ms)
Using eth@10110000 device
TFTP from server 10.42.0.1; our IP address is 10.42.117.92
Filename 'uEnv.txt'.
Load address: 0x80100000
Loading: #
	 479.5 KiB/s
done
Bytes transferred = 5899 (170b hex)
U-Boot is up-to-date
BOOTP broadcast 1
DHCP client bound to address 10.42.117.92 (3 ms)
Using eth@10110000 device
TFTP from server 10.42.0.1; our IP address is 10.42.117.92
Filename 'prebuilt-u-boot-with-spl.bin-gardena-sg-mt7688'.
Load address: 0x80100000
Loading: ###################
	 3.4 MiB/s
done
Bytes transferred = 267489 (414e1 hex)
801414e1
801414e5
crc32 for 80100000 ... 801414e0 ==> 9deeda11
Reading 267489 byte(s) at offset 0x00000000
crc32 for 80100000 ... 801414e0 ==> 9deeda11
Total of 4 byte(s) were the same
U-Boot checksum matches
linuxmoduleid=c236b04b-7b89-4238-91c6-d6fae820e7f4
gatewayid=unset
radiomoduleid=unset
Erasing 0x00000000 ... 0x07ffffff (1024 eraseblock(s))
ubi0: default fastmap pool size: 50
ubi0: default fastmap WL pool size: 25
ubi0: attaching mtd7
ubi0: scanning is finished
ubi0: empty MTD device detected
ubi0: attached mtd7 (name "nand", size 128 MiB)
ubi0: PEB size: 131072 bytes (128 KiB), LEB size: 126976 bytes
ubi0: min./max. I/O unit sizes: 2048/2048, sub-page size 2048
ubi0: VID header offset: 2048 (aligned 2048), data offset: 4096
ubi0: good PEBs: 1024, bad PEBs: 0, corrupted PEBs: 0
ubi0: user volume: 0, internal volumes: 1, max. volumes count: 128
ubi0: max/mean erase counter: 0/0, WL threshold: 4096, image sequence number: 0
ubi0: available PEBs: 996, total reserved PEBs: 28, PEBs reserved for bad PEB handling: 22
Creating static volume rootfs0 of size 42029056
Creating static volume rootfs1 of size 42029056
Creating static volume kernel0 of size 4317184
Creating static volume kernel1 of size 4317184
Creating dynamic volume overlay of size 31457280
BOOTP broadcast 1
DHCP client bound to address 10.42.117.92 (7 ms)
Using eth@10110000 device
TFTP from server 10.42.0.1; our IP address is 10.42.117.92
Filename 'fitImage-gardena-sg-mt7688.bin'.
Load address: 0x80100000
Loading: #################################################################
	 #################################################################
	 #################################################################
	 ###################################
	 3.8 MiB/s
done
Bytes transferred = 3375440 (338150 hex)
Writing to kernel0
3375440 bytes written to volume kernel0
BOOTP broadcast 1
DHCP client bound to address 10.42.117.92 (7 ms)
Using eth@10110000 device
TFTP from server 10.42.0.1; our IP address is 10.42.117.92
Filename 'gardena-image-factory-gardena-sg-mt7688.squashfs-xz'.
Load address: 0x80100000
Loading: #################################################################
	 #################################################################
	 #################################################################
	 #################################################################
	 #################################################################
	 #################################################################
	 #################################################################
	 #################################################################
	 #################################################################
	 #################################################################
	 #################################################################
	 #################################################################
	 #################################################################
	 #################################################################
	 #################################################################
	 #################################################################
	 #################################################################
	 #################################################################
	 #################################################################
	 #################################################################
	 #################################################################
	 #################################################################
	 #################################################################
	 #################################################################
	 #################################################################
	 #################################################################
	 #################################################################
	 ################################################################
	 3.8 MiB/s
done
Bytes transferred = 26697728 (1976000 hex)
Writing to rootfs0

U-Boot SPL 2021.04-gardena-6 (Jun 10 2021 - 16:05:31 +0000)
Trying to boot from NOR


U-Boot 2021.04-gardena-6 (Jun 10 2021 - 16:05:31 +0000)

CPU:   MediaTek MT7688A ver:1 eco:2
Boot:  DDR2, SPI-NOR 3-Byte Addr, CPU clock from XTAL
Clock: CPU: 580MHz, Bus: 193MHz, XTAL: 40MHz
Model: GARDENA smart Gateway (MT7688)
DRAM:  128 MiB
WDT:   Started with servicing (60s timeout)
Loading Environment from SPIFlash... SF: Detected XM25QH64C with page size 256 Bytes, erase size 4 KiB, total 8 MiB
OK
F-Data:factory-data version 1 detected
F-Data:Values don't match env values -> saving
Saving Environment to SPIFlash... Erasing SPI flash...Writing to SPI flash...done
Valid environment: 1
OK
Net:   eth0: eth@10110000
Autoboot in 2 seconds
=> reset  
resetting ...

U-Boot SPL 2021.04-gardena-6 (Jun 10 2021 - 16:05:31 +0000)
Trying to boot from NOR


U-Boot 2021.04-gardena-6 (Jun 10 2021 - 16:05:31 +0000)

CPU:   MediaTek MT7688A ver:1 eco:2
Boot:  DDR2, SPI-NOR 3-Byte Addr, CPU clock from XTAL
Clock: CPU: 580MHz, Bus: 193MHz, XTAL: 40MHz
Model: GARDENA smart Gateway (MT7688)
DRAM:  128 MiB
WDT:   Started with servicing (60s timeout)
Loading Environment from SPIFlash... SF: Detected XM25QH64C with page size 256 Bytes, erase size 4 KiB, total 8 MiB
OK
F-Data:factory-data version 1 detected
Net:   eth0: eth@10110000
Autoboot in 2 seconds
eth@10110000 Waiting for PHY auto negotiation to complete.... done
BOOTP broadcast 1
BOOTP broadcast 2
BOOTP broadcast 3
BOOTP broadcast 4
DHCP client bound to address 10.42.115.35 (3265 ms)
Using eth@10110000 device
TFTP from server 10.42.0.1; our IP address is 10.42.115.35
Filename 'uEnv.txt'.
Load address: 0x80100000
Loading: #
	 479.5 KiB/s
done
Bytes transferred = 5899 (170b hex)
U-Boot is up-to-date
BOOTP broadcast 1
DHCP client bound to address 10.42.115.35 (4 ms)
Using eth@10110000 device
TFTP from server 10.42.0.1; our IP address is 10.42.115.35
Filename 'prebuilt-u-boot-with-spl.bin-gardena-sg-mt7688'.
Load address: 0x80100000
Loading: ###################
	 3.3 MiB/s
done
Bytes transferred = 267489 (414e1 hex)
801414e1
801414e5
crc32 for 80100000 ... 801414e0 ==> 9deeda11
Reading 267489 byte(s) at offset 0x00000000
crc32 for 80100000 ... 801414e0 ==> 9deeda11
Total of 4 byte(s) were the same
U-Boot checksum matches
linuxmoduleid=43d00986-900b-4132-974a-2d6e40cf4518
gatewayid=unset
radiomoduleid=unset
Erasing 0x00000000 ... 0x07ffffff (1024 eraseblock(s))

U-Boot SPL 2021.04-gardena-6 (Jun 10 2021 - 16:05:31 +0000)
Trying to boot from NOR


U-Boot 2021.04-gardena-6 (Jun 10 2021 - 16:05:31 +0000)

CPU:   MediaTek MT7688A ver:1 eco:2
Boot:  DDR2, SPI-NOR 3-Byte Addr, CPU clock from XTAL
Clock: CPU: 580MHz, Bus: 193MHz, XTAL: 40MHz
Model: GARDENA smart Gateway (MT7688)
DRAM:  128 MiB
WDT:   Started with servicing (60s timeout)
Loading Environment from SPIFlash... SF: Detected XM25QH64C with page size 256 Bytes, erase size 4 KiB, total 8 MiB
OK
F-Data:factory-data version 1 detected
Net:   eth0: eth@10110000
Autoboot in 2 seconds
=> reset    
resetting ...

U-Boot SPL 2021.04-gardena-6 (Jun 10 2021 - 16:05:31 +0000)
Trying to boot from NOR


U-Boot 2021.04-gardena-6 (Jun 10 2021 - 16:05:31 +0000)

CPU:   MediaTek MT7688A ver:1 eco:2
Boot:  DDR2, SPI-NOR 3-Byte Addr, CPU clock from XTAL
Clock: CPU: 580MHz, Bus: 193MHz, XTAL: 40MHz
Model: GARDENA smart Gateway (MT7688)
DRAM:  128 MiB
WDT:   Started with servicing (60s timeout)
Loading Environment from SPIFlash... SF: Detected XM25QH64C with page size 256 Bytes, erase size 4 KiB, total 8 MiB
OK
F-Data:factory-data version 1 detected
Net:   eth0: eth@10110000
Autoboot in 2 seconds
eth@10110000 Waiting for PHY auto negotiation to complete...�
U-Boot SPL 2021.04-gardena-6 (Jun 10 2021 - 16:05:31 +0000)
Trying to boot from NOR


U-Boot 2021.04-gardena-6 (Jun 10 2021 - 16:05:31 +0000)

CPU:   MediaTek MT7688A ver:1 eco:2
Boot:  DDR2, SPI-NOR 3-Byte Addr, CPU clock from XTAL
Clock: CPU: 580MHz, Bus: 193MHz, XTAL: 40MHz
Model: GARDENA smart Gateway (MT7688)
DRAM:  128 MiB
WDT:   Started with servicing (60s timeout)
Loading Environment from SPIFlash... SF: Detected XM25QH64C with page size 256 Bytes, erase size 4 KiB, total 8 MiB
OK
F-Data:factory-data version 1 detected
F-Data:Values don't match env values -> saving
Saving Environment to SPIFlash... Erasing SPI flash.xxxxx
U-Boot SPL 2021.04-gardena-6 (Jun 10 2021 - 16:05:31 +0000)
Trying to boot from NOR


U-Boot 2021.04-gardena-6 (Jun 10 2021 - 16:05:31 +0000)

CPU:   MediaTek MT7688A ver:1 eco:2
Boot:  DDR2, SPI-NOR 3-Byte Addr, CPU clock from XTAL
Clock: CPU: 580MHz, Bus: 193MHz, XTAL: 40MHz
Model: GARDENA smart Gateway (MT7688)
DRAM:  128 MiB
WDT:   Started with servicing (60s timeout)
Loading Environment from SPIFlash... SF: Detected XM25QH64C with page size 256 Bytes, erase size 4 KiB, total 8 MiB
OK
F-Data:factory-data version 1 detected
Net:   eth0: eth@10110000
Autoboot in 2 seconds
=> ru reset    
resetting ...

U-Boot SPL 2021.04-gardena-6 (Jun 10 2021 - 16:05:31 +0000)
Trying to boot from NOR


U-Boot 2021.04-gardena-6 (Jun 10 2021 - 16:05:31 +0000)

CPU:   MediaTek MT7688A ver:1 eco:2
Boot:  DDR2, SPI-NOR 3-Byte Addr, CPU clock from XTAL
Clock: CPU: 580MHz, Bus: 193MHz, XTAL: 40MHz
Model: GARDENA smart Gateway (MT7688)
DRAM:  128 MiB
WDT:   Started with servicing (60s timeout)
Loading Environment from SPIFlash... SF: Detected XM25QH64C with page size 256 Bytes, erase size 4 KiB, total 8 MiB
OK
F-Data:factory-data version 1 detected
Net:   eth0: eth@10110000
Autoboot in 2 seconds
eth@10110000 Waiting for PHY auto negotiation to complete.... done
BOOTP broadcast 1
BOOTP broadcast 2
BOOTP broadcast 3
BOOTP broadcast 4
DHCP client bound to address 10.42.123.93 (3012 ms)
Using eth@10110000 device
TFTP from server 10.42.0.1; our IP address is 10.42.123.93
Filename 'uEnv.txt'.
Load address: 0x80100000
Loading: #
	 479.5 KiB/s
done
Bytes transferred = 5899 (170b hex)
U-Boot is up-to-date
BOOTP broadcast 1
DHCP client bound to address 10.42.123.93 (3 ms)
Using eth@10110000 device
TFTP from server 10.42.0.1; our IP address is 10.42.123.93
Filename 'prebuilt-u-boot-with-spl.bin-gardena-sg-mt7688'.
Load address: 0x80100000
Loading: ###################
	 3.4 MiB/s
done
Bytes transferred = 267489 (414e1 hex)
801414e1
801414e5
crc32 for 80100000 ... 801414e0 ==> 9deeda11
Reading 267489 byte(s) at offset 0x00000000
crc32 for 80100000 ... 801414e0 ==> 9deeda11
Total of 4 byte(s) were the same
U-Boot checksum matches
linuxmoduleid=e3a2bf23-5fbd-4576-80b7-111d09374031
gatewayid=unset
radiomoduleid=unset
Erasing 0x00000000 ... 0x07ffffff (1024 eraseblock(s))

U-Boot SPL 2021.04-gardena-6 (Jun 10 2021 - 16:05:31 +0000)
Trying to boot from NOR


U-Boot 2021.04-gardena-6 (Jun 10 2021 - 16:05:31 +0000)

CPU:   MediaTek MT7688A ver:1 eco:2
Boot:  DDR2, SPI-NOR 3-Byte Addr, CPU clock from XTAL
Clock: CPU: 580MHz, Bus: 193MHz, XTAL: 40MHz
Model: GARDENA smart Gateway (MT7688)
DRAM:  128 MiB
WDT:   Started with servicing (60s timeout)
Loading Environment from SPIFlash... SF: Detected XM25QH64C with page size 256 Bytes, erase size 4 KiB, total 8 MiB
OK
F-Data:factory-data version 1 detected
F-Data:Values don't match env values -> saving
Saving Environment to SPIFlash... Erasing SPI flash...Writing to SPI flash...done
Valid environment: 1
OK
Net:   eth0: eth@10110000
Autoboot in 2 seconds
=> res       
resetting ...

U-Boot SPL 2021.04-gardena-6 (Jun 10 2021 - 16:05:31 +0000)
Trying to boot from NOR


U-Boot 2021.04-gardena-6 (Jun 10 2021 - 16:05:31 +0000)

CPU:   MediaTek MT7688A ver:1 eco:2
Boot:  DDR2, SPI-NOR 3-Byte Addr, CPU clock from XTAL
Clock: CPU: 580MHz, Bus: 193MHz, XTAL: 40MHz
Model: GARDENA smart Gateway (MT7688)
DRAM:  128 MiB
WDT:   Started with servicing (60s timeout)
Loading Environment from SPIFlash... SF: Detected XM25QH64C with page size 256 Bytes, erase size 4 KiB, total 8 MiB
OK
F-Data:factory-data version 1 detected
Net:   eth0: eth@10110000
Autoboot in 2 seconds
eth@10110000 Waiting for PHY auto negotiation to complete.... done
BOOTP broadcast 1
BOOTP broadcast 2
BOOTP broadcast 3
BOOTP broadcast 4
DHCP client bound to address 10.42.63.215 (3265 ms)
Using eth@10110000 device
TFTP from server 10.42.0.1; our IP address is 10.42.63.215
Filename 'uEnv.txt'.
Load address: 0x80100000
Loading: #
	 479.5 KiB/s
done
Bytes transferred = 5899 (170b hex)
U-Boot is up-to-date
BOOTP broadcast 1
DHCP client bound to address 10.42.63.215 (3 ms)
Using eth@10110000 device
TFTP from server 10.42.0.1; our IP address is 10.42.63.215
Filename 'prebuilt-u-boot-with-spl.bin-gardena-sg-mt7688'.
Load address: 0x80100000
Loading: ###################
	 3.3 MiB/s
done
Bytes transferred = 267489 (414e1 hex)
801414e1
801414e5
crc32 for 80100000 ... 801414e0 ==> 9deeda11
Reading 267489 byte(s) at offset 0x00000000
crc32 for 80100000 ... 801414e0 ==> 9deeda11
Total of 4 byte(s) were the same
U-Boot checksum matches
linuxmoduleid=9d68d582-e4f3-45af-9811-fa8a562eebbb
gatewayid=unset
radiomoduleid=unset
Erasing 0x00000000 ... 0x07ffffff (1024 eraseblock(s))
ubi0: default fastmap pool size: 50
ubi0: default fastmap WL pool size: 25
ubi0: attaching mtd7
ubi0: scanning is finished
ubi0: empty MTD device detected
ubi0: attached mtd7 (name "nand", size 128 MiB)
ubi0: PEB size: 131072 bytes (128 KiB), LEB size: 126976 bytes
ubi0: min./max. I/O unit sizes: 2048/2048, sub-page size 2048
ubi0: VID header offset: 2048 (aligned 2048), data offset: 4096
ubi0: good PEBs: 1024, bad PEBs: 0, corrupted PEBs: 0
ubi0: user volume: 0, internal volumes: 1, max. volumes count: 128
Mem: 63148K used, 59096K free, 396K shrd, 604K buff, 40652K cached
CPU:   0% usr   0% sys   0% nic  98% idle   0% io   0% irq   0% sirq
Load average: 0.10 0.26 0.18 1/44 375
  PID  PPID USER     STAT   VSZ %VSZ %CPU COMMAND
  169     1 root     S     2348   2%   1% /usr/bin/swupdate-progress -r -w
  375   371 root     R     3828   3%   0% top
  350     2 root     IW       0   0%   0% [kworker/u2:1-ph]
    8     2 root     SW       0   0%   0% [ksoftirqd/0]
  155     1 systemd- S    16760  14%   0% /lib/systemd/systemd-timesyncd
  134     1 root     S    15308  12%   0% /lib/systemd/systemd-journald
    1     0 root     S     8988   7%   0% {systemd} /sbin/init
  208     1 systemd- S     7764   6%   0% /lib/systemd/systemd-networkd
  205     1 root     S     7056   6%   0% /lib/systemd/systemd-logind
  162     1 messageb S     4572   4%   0% /usr/bin/dbus-daemon --system --address=systemd: --nofork --nopidfile --systemd-activation --syslog-only
  129     1 root     S     4100   3%   0% /lib/systemd/systemd-udevd
  371     1 root     S     3828   3%   0% -sh
  231     1 root     S     3344   3%   0% /usr/sbin/dhcpcd -q -b
  294     1 nobody   S     2724   2%   0% /usr/sbin/mdnsd
  164     1 root     S     2228   2%   0% /sbin/agetty -o -p -- \u --noclear tty1 linux
  187     2 root     IW       0   0%   0% [kworker/0:6-eve]
  322     2 root     IW       0   0%   0% [kworker/u2:3-ev]
    5     2 root     IW       0   0%   0% [kworker/u2:0-ph]
   44     2 root     SW       0   0%   0% [spi0]
   13     2 root     SW       0   0%   0% [kcompactd0]
   54     2 root     IW<      0   0%   0% [kworker/0:1H-kb]
    3     2 root     IW       0   0%   0% [kworker/0:0-ubi]
    9     2 root     SW       0   0%   0% [kdevtmpfs]
   86     2 root     SW       0   0%   0% [ubifs_bgt0_4]
    2     0 root     SW       0   0%   0% [kthreadd]
    4     2 root     IW<      0   0%   0% [kworker/0:0H-kb]
    6     2 root     IW<      0   0%   0% [mm_percpu_wq]
    7     2 root     SW       0   0%   0% [rcu_tasks_trace]
   10     2 root     IW<      0   0%   0% [netns]
   11     2 root     SW       0   0%   0% [oom_reaper]
   12     2 root     IW<      0   0%   0% [writeback]
   34     2 root     IW<      0   0%   0% [kblockd]
   35     2 root     IW<      0   0%   0% [blkcg_punt_bio]
   36     2 root     SW       0   0%   0% [watchdogd]
   37     2 root     IW<      0   0%   0% [rpciod]
   38     2 root     IW<      0   0%   0% [kworker/u3:0]
   39     2 root     IW<      0   0%   0% [xprtiod]
U-Boot SPL 2021.04-gardena-6 (Jun 10 2021 - 16:05:31 +0000)
Trying to boot from NOR


U-Boot 2021.04-gardena-6 (Jun 10 2021 - 16:05:31 +0000)

CPU:   MediaTek MT7688A ver:1 eco:2
Boot:  DDR2, SPI-NOR 3-Byte Addr, CPU clock from XTAL
Clock: CPU: 580MHz, Bus: 193MHz, XTAL: 40MHz
Model: GARDENA smart Gateway (MT7688)
DRAM:  128 MiB
WDT:   Started with servicing (60s timeout)
Loading Environment from SPIFlash... SF: Detected XM25QH64C with page size 256 Bytes, erase size 4 KiB, total 8 MiB
OK
F-Data:factory-data version 1 detected
Net:   eth0: eth@10110000
Autoboot in 2 seconds
linuxmoduleid=85504e27-b309-44b0-9ab7-69704f518b8d
gatewayid=unset
radiomoduleid=unset
ubi0: default fastmap pool size: 50
ubi0: default fastmap WL pool size: 25
ubi0: attaching mtd7
ubi0: scanning is finished
ubi0: attached mtd7 (name "nand", size 128 MiB)
ubi0: PEB size: 131072 bytes (128 KiB), LEB size: 126976 bytes
ubi0: min./max. I/O unit sizes: 2048/2048, sub-page size 2048
ubi0: VID header offset: 2048 (aligned 2048), data offset: 4096
ubi0: good PEBs: 1024, bad PEBs: 0, corrupted PEBs: 0
ubi0: user volume: 5, internal volumes: 1, max. volumes count: 128
ubi0: max/mean erase counter: 2/1, WL threshold: 4096, image sequence number: 0
ubi0: available PEBs: 18, total reserved PEBs: 1006, PEBs reserved for bad PEB handling: 22
gpio: pin PA11 (gpio 11) value is 1
## Error: "recovery_status" not defined
gpio: pin PA11 (gpio 11) value is 1
No size specified -> Using max size (3375440)
Read 3375440 bytes from volume kernel0 to 80a00000

U-Boot SPL 2021.04-gardena-6 (Jun 10 2021 - 16:05:31 +0000)
Trying to boot from NOR


U-Boot 2021.04-gardena-6 (Jun 10 2021 - 16:05:31 +0000)

CPU:   MediaTek MT7688A ver:1 eco:2
Boot:  DDR2, SPI-NOR 3-Byte Addr, CPU clock from XTAL
Clock: CPU: 580MHz, Bus: 193MHz, XTAL: 40MHz
Model: GARDENA smart Gateway (MT7688)
DRAM:  128 MiB
WDT:   Started with servicing (60s timeout)
Loading Environment from SPIFlash... SF: Detected XM25QH64C with page size 256 Bytes, erase size 4 KiB, total 8 MiB
OK
F-Data:factory-data version 1 detected
Net:   eth0: eth@10110000
Autoboot in 2 seconds
=> run do
  do_boot_from_flash do_dev_flash_rootfs do_dev_led_on do_dev_led_set_state
  do_dev_nfs_bootcmd do_factory_reset do_flash_kernel do_if_factory_reset
  do_if_flashing_setup do_if_u_boot_upgrade do_print_ids do_reset_overlay
  do_resurrection_reset do_show_bootstrap_error do_start_over
  do_u_boot_upgrade do_u_boot_verify do_u_boot_verify_pass ...
=> run do_start_over 
## Resetting to default environment
## Error: Can't force access to "bootcmd"
## Error: Can't force access to "bootdelay"
## Error: Can't force access to "baudrate"
## Error: Can't force access to "arch"
## Error: Can't force access to "cpu"
## Error: Can't force access to "board"
## Error: Can't force access to "board_name"
## Error: Can't force access to "vendor"
## Error: Can't force access to "soc"
Saving Environment to SPIFlash... Erasing SPI flash...Writing to SPI flash...done
Valid environment: 1
OK
resetting ...

U-Boot SPL 2021.04-gardena-6 (Jun 10 2021 - 16:05:31 +0000)
Trying to boot from NOR


U-Boot 2021.04-gardena-6 (Jun 10 2021 - 16:05:31 +0000)

CPU:   MediaTek MT7688A ver:1 eco:2
Boot:  DDR2, SPI-NOR 3-Byte Addr, CPU clock from XTAL
Clock: CPU: 580MHz, Bus: 193MHz, XTAL: 40MHz
Model: GARDENA smart Gateway (MT7688)
DRAM:  128 MiB
WDT:   Started with servicing (60s timeout)
Loading Environment from SPIFlash... SF: Detected XM25QH64C with page size 256 Bytes, erase size 4 KiB, total 8 MiB
OK
F-Data:factory-data version 1 detected
F-Data:Values don't match env values -> saving
Saving Environment to SPIFlash... Erasing SPI flash...Writing to SPI flash...done
Mem: 63092K used, 59152K free, 396K shrd, 604K buff, 40652K cached
CPU:   0% usr   0% sys   0% nic  98% idle   0% io   0% irq   0% sirq
Load average: 0.34 0.30 0.20 1/44 377
  PID  PPID USER     STAT   VSZ %VSZ %CPU COMMAND
  169     1 root     S     2348   2%   1% /usr/bin/swupdate-progress -r -w
  377   371 root     R     3828   3%   0% top
    5     2 root     IW       0   0%   0% [kworker/u2:0-ph]
    8     2 root     SW       0   0%   0% [ksoftirqd/0]
  155     1 systemd- S    16760  14%   0% /lib/systemd/systemd-timesyncd
  134     1 root     S    15308  12%   0% /lib/systemd/systemd-journald
    1     0 root     S     8988   7%   0% {systemd} /sbin/init
  208     1 systemd- S     7764   6%   0% /lib/systemd/systemd-networkd
  205     1 root     S     7056   6%   0% /lib/systemd/systemd-logind
  162     1 messageb S     4572   4%   0% /usr/bin/dbus-daemon --system --address=systemd: --nofork --nopidfile --systemd-activation --syslog-only
  129     1 root     S     4100   3%   0% /lib/systemd/systemd-udevd
  371     1 root     S     3828   3%   0% -sh
  231     1 root     S     3344   3%   0% /usr/sbin/dhcpcd -q -b
  294     1 nobody   S     2724   2%   0% /usr/sbin/mdnsd
  164     1 root     S     2228   2%   0% /sbin/agetty -o -p -- \u --noclear tty1 linux
  187     2 root     IW       0   0%   0% [kworker/0:6-eve]
  322     2 root     IW       0   0%   0% [kworker/u2:3-ev]
   44     2 root     SW       0   0%   0% [spi0]
  350     2 root     IW       0   0%   0% [kworker/u2:1-ph]
   13     2 root     SW       0   0%   0% [kcompactd0]
   54     2 root     IW<      0   0%   0% [kworker/0:1H-kb]
    3     2 root     IW       0   0%   0% [kworker/0:0-ubi]
    9     2 root     SW       0   0%   0% [kdevtmpfs]
   86     2 root     SW       0   0%   0% [ubifs_bgt0_4]
    2     0 root     SW       0   0%   0% [kthreadd]
    4     2 root     IW<      0   0%   0% [kworker/0:0H-kb]
    6     2 root     IW<      0   0%   0% [mm_percpu_wq]
    7     2 root     SW       0   0%   0% [rcu_tasks_trace]
   10     2 root     IW<      0   0%   0% [netns]
   11     2 root     SW       0   0%   0% [oom_reaper]
   12     2 root     IW<      0   0%   0% [writeback]
   34     2 root     IW<      0   0%   0% [kblockd]
   35     2 root     IW<      0   0%   0% [blkcg_punt_bio]
   36     2 root     SW       0   0%   0% [watchdogd]
   37     2 root     IW<      0   0%   0% [rpciod]
   38     2 root     IW<      0   0%   0% [kworker/u3:0]
   39     2 root     IW<      0   0%   0% [xprtiod]
root@GARDENA-04352f:~# journalctl -b
-- Logs begin at Fri 2023-08-25 08:44:51 CEST, end at Fri 2023-08-25 15:33:07 CEST. --
Aug 25 08:44:51 GARDENA-04352f kernel: Linux version 5.10.99-r4.0.1.13-yocto-tiny (oe-user@oe-host) (mipsel-gardena-linux-gcc (GCC) 9.3.0, GNU ld (GNU Binutils) 2.34.0.20200220) #1 Fri Aug 25 06:47:20 UTC 2023
Aug 25 08:44:51 GARDENA-04352f kernel: Board has DDR2
Aug 25 08:44:51 GARDENA-04352f kernel: Analog PMU set to hw control
Aug 25 08:44:51 GARDENA-04352f kernel: Digital PMU set to hw control
Aug 25 08:44:51 GARDENA-04352f kernel: SoC Type: MediaTek MT7688 ver:1 eco:2
Aug 25 08:44:51 GARDENA-04352f kernel: printk: bootconsole [early0] enabled
Aug 25 08:44:51 GARDENA-04352f kernel: CPU0 revision is: 00019655 (MIPS 24KEc)
Aug 25 08:44:51 GARDENA-04352f kernel: MIPS: machine is GARDENA smart Gateway (MT7688)
Aug 25 08:44:51 GARDENA-04352f kernel: Initrd not found or empty - disabling initrd
Aug 25 08:44:51 GARDENA-04352f kernel: Primary instruction cache 64kB, VIPT, 4-way, linesize 32 bytes.
Aug 25 08:44:51 GARDENA-04352f kernel: Primary data cache 32kB, 4-way, PIPT, no aliases, linesize 32 bytes
Aug 25 08:44:51 GARDENA-04352f kernel: Zone ranges:
Aug 25 08:44:51 GARDENA-04352f kernel:   Normal   [mem 0x0000000000000000-0x0000000007ffffff]
Aug 25 08:44:51 GARDENA-04352f kernel: Movable zone start for each node
Aug 25 08:44:51 GARDENA-04352f kernel: Early memory node ranges
Aug 25 08:44:51 GARDENA-04352f kernel:   node   0: [mem 0x0000000000000000-0x0000000007ffffff]
Aug 25 08:44:51 GARDENA-04352f kernel: Initmem setup node 0 [mem 0x0000000000000000-0x0000000007ffffff]
Aug 25 08:44:51 GARDENA-04352f kernel: On node 0 totalpages: 32768
Aug 25 08:44:51 GARDENA-04352f kernel:   Normal zone: 288 pages used for memmap
Aug 25 08:44:51 GARDENA-04352f kernel:   Normal zone: 0 pages reserved
Aug 25 08:44:51 GARDENA-04352f kernel:   Normal zone: 32768 pages, LIFO batch:7
Aug 25 08:44:51 GARDENA-04352f kernel: pcpu-alloc: s0 r0 d32768 u32768 alloc=1*32768
Aug 25 08:44:51 GARDENA-04352f kernel: pcpu-alloc: [0] 0 
Aug 25 08:44:51 GARDENA-04352f kernel: Built 1 zonelists, mobility grouping on.  Total pages: 32480
Aug 25 08:44:51 GARDENA-04352f kernel: Kernel command line: console=ttyS0,115200 root=/dev/ubiblock0_0 rootrw=ubi0:overlay rootrwfstype=ubifs rootrwoptions=rw,noatime ubi.block=0,rootfs0 ubi.mtd=nand init=/init mtdparts=spi0.0:640k(uboot),64k(uboot_env0),64k(uboot_env1),64k(factory),-(unused);spi0.1:-(nand)
Aug 25 08:44:51 GARDENA-04352f kernel: Dentry cache hash table entries: 16384 (order: 4, 65536 bytes, linear)
Aug 25 08:44:51 GARDENA-04352f kernel: Inode-cache hash table entries: 8192 (order: 3, 32768 bytes, linear)
Aug 25 08:44:51 GARDENA-04352f kernel: Writing ErrCtl register=00065c82
Aug 25 08:44:51 GARDENA-04352f kernel: Readback ErrCtl register=00065c82
Aug 25 08:44:51 GARDENA-04352f kernel: mem auto-init: stack:off, heap alloc:off, heap free:off
Aug 25 08:44:51 GARDENA-04352f kernel: Memory: 122048K/131072K available (5430K kernel code, 681K rwdata, 1108K rodata, 196K init, 251K bss, 9024K reserved, 0K cma-reserved)
Aug 25 08:44:51 GARDENA-04352f kernel: NR_IRQS: 256
Aug 25 08:44:51 GARDENA-04352f kernel: intc: using register map from devicetree
Aug 25 08:44:51 GARDENA-04352f kernel: random: get_random_bytes called from 0x8070fa18 with crng_init=0
Aug 25 08:44:51 GARDENA-04352f kernel: CPU Clock: 580MHz
Aug 25 08:44:51 GARDENA-04352f kernel: timer_probe: no matching timers found
Aug 25 08:44:51 GARDENA-04352f kernel: clocksource: MIPS: mask: 0xffffffff max_cycles: 0xffffffff, max_idle_ns: 6590553264 ns
Aug 25 08:44:51 GARDENA-04352f kernel: sched_clock: 32 bits at 290MHz, resolution 3ns, wraps every 7405115902ns
Aug 25 08:44:51 GARDENA-04352f kernel: Console: colour dummy device 80x25
Aug 25 08:44:51 GARDENA-04352f kernel: Calibrating delay loop... 385.02 BogoMIPS (lpj=770048)
Aug 25 08:44:51 GARDENA-04352f kernel: pid_max: default: 4096 minimum: 301
Aug 25 08:44:51 GARDENA-04352f kernel: Mount-cache hash table entries: 1024 (order: 0, 4096 bytes, linear)
Aug 25 08:44:51 GARDENA-04352f kernel: Mountpoint-cache hash table entries: 1024 (order: 0, 4096 bytes, linear)
Aug 25 08:44:51 GARDENA-04352f kernel: devtmpfs: initialized
Aug 25 08:44:51 GARDENA-04352f kernel: clocksource: jiffies: mask: 0xffffffff max_cycles: 0xffffffff, max_idle_ns: 7645041785100000 ns
Aug 25 08:44:51 GARDENA-04352f kernel: futex hash table entries: 16 (order: -5, 192 bytes, linear)
Aug 25 08:44:51 GARDENA-04352f kernel: pinctrl core: initialized pinctrl subsystem
Aug 25 08:44:51 GARDENA-04352f kernel: NET: Registered protocol family 16
Aug 25 08:44:51 GARDENA-04352f kernel: clocksource: Switched to clocksource MIPS
Aug 25 08:44:51 GARDENA-04352f kernel: NET: Registered protocol family 2
Aug 25 08:44:51 GARDENA-04352f kernel: IP idents hash table entries: 2048 (order: 2, 16384 bytes, linear)
Aug 25 08:44:51 GARDENA-04352f kernel: tcp_listen_portaddr_hash hash table entries: 512 (order: 0, 4096 bytes, linear)
Aug 25 08:44:51 GARDENA-04352f kernel: TCP established hash table entries: 1024 (order: 0, 4096 bytes, linear)
Aug 25 08:44:51 GARDENA-04352f kernel: TCP bind hash table entries: 1024 (order: 0, 4096 bytes, linear)
Aug 25 08:44:51 GARDENA-04352f kernel: TCP: Hash tables configured (established 1024 bind 1024)
Aug 25 08:44:51 GARDENA-04352f kernel: UDP hash table entries: 256 (order: 0, 4096 bytes, linear)
Aug 25 08:44:51 GARDENA-04352f kernel: UDP-Lite hash table entries: 256 (order: 0, 4096 bytes, linear)
Aug 25 08:44:51 GARDENA-04352f kernel: NET: Registered protocol family 1
Aug 25 08:44:51 GARDENA-04352f kernel: RPC: Registered named UNIX socket transport module.
Aug 25 08:44:51 GARDENA-04352f kernel: RPC: Registered udp transport module.
Aug 25 08:44:51 GARDENA-04352f kernel: RPC: Registered tcp transport module.
Aug 25 08:44:51 GARDENA-04352f kernel: RPC: Registered tcp NFSv4.1 backchannel transport module.
Aug 25 08:44:51 GARDENA-04352f kernel: PCI: CLS 0 bytes, default 32
Aug 25 08:44:51 GARDENA-04352f kernel: workingset: timestamp_bits=14 max_order=15 bucket_order=1
Aug 25 08:44:51 GARDENA-04352f kernel: squashfs: version 4.0 (2009/01/31) Phillip Lougher
Aug 25 08:44:51 GARDENA-04352f kernel: NFS: Registering the id_resolver key type
Aug 25 08:44:51 GARDENA-04352f kernel: Key type id_resolver registered
Aug 25 08:44:51 GARDENA-04352f kernel: Key type id_legacy registered
Aug 25 08:44:51 GARDENA-04352f kernel: NET: Registered protocol family 38
Aug 25 08:44:51 GARDENA-04352f kernel: pinctrl-single 10000060.pinmux: 64 pins, size 8
Aug 25 08:44:51 GARDENA-04352f kernel: mt7621_gpio 10000600.gpio: registering 32 gpios
Aug 25 08:44:51 GARDENA-04352f kernel: mt7621_gpio 10000600.gpio: registering 32 gpios
Aug 25 08:44:51 GARDENA-04352f kernel: mt7621_gpio 10000600.gpio: registering 32 gpios
Aug 25 08:44:51 GARDENA-04352f kernel: Serial: 8250/16550 driver, 3 ports, IRQ sharing disabled
Aug 25 08:44:51 GARDENA-04352f kernel: printk: console [ttyS0] disabled
Aug 25 08:44:51 GARDENA-04352f kernel: 10000c00.uartlite: ttyS0 at MMIO 0x10000c00 (irq = 28, base_baud = 2500000) is a 16550A
Aug 25 08:44:51 GARDENA-04352f kernel: printk: console [ttyS0] enabled
Aug 25 08:44:51 GARDENA-04352f kernel: printk: bootconsole [early0] disabled
Aug 25 08:44:51 GARDENA-04352f kernel: 10000d00.uart1: ttyS1 at MMIO 0x10000d00 (irq = 29, base_baud = 2500000) is a 16550A
Aug 25 08:44:51 GARDENA-04352f kernel: 10000e00.uart2: ttyS2 at MMIO 0x10000e00 (irq = 30, base_baud = 2500000) is a 16550A
Aug 25 08:44:51 GARDENA-04352f kernel: brd: module loaded
Aug 25 08:44:51 GARDENA-04352f kernel: loop: module loaded
Aug 25 08:44:51 GARDENA-04352f kernel: zram: Added device: zram0
Aug 25 08:44:51 GARDENA-04352f kernel: bootcount 1000006c.bootcount: U-Boot bootcounter driver registered using single-word
Aug 25 08:44:51 GARDENA-04352f kernel: spi-mt7621 10000b00.spi: sys_freq: 193333333
Aug 25 08:44:51 GARDENA-04352f kernel: spi-nor spi0.0: XM25QH64C (8192 Kbytes)
Aug 25 08:44:51 GARDENA-04352f kernel: 5 cmdlinepart partitions found on MTD device spi0.0
Aug 25 08:44:51 GARDENA-04352f kernel: Creating 5 MTD partitions on "spi0.0":
Aug 25 08:44:51 GARDENA-04352f kernel: 0x000000000000-0x0000000a0000 : "uboot"
Aug 25 08:44:51 GARDENA-04352f kernel: 0x0000000a0000-0x0000000b0000 : "uboot_env0"
Aug 25 08:44:51 GARDENA-04352f kernel: 0x0000000b0000-0x0000000c0000 : "uboot_env1"
Aug 25 08:44:51 GARDENA-04352f kernel: 0x0000000c0000-0x0000000d0000 : "factory"
Aug 25 08:44:51 GARDENA-04352f kernel: 0x0000000d0000-0x000000800000 : "unused"
Aug 25 08:44:51 GARDENA-04352f kernel: spi-nand spi0.1: GigaDevice SPI NAND was found.
Aug 25 08:44:51 GARDENA-04352f kernel: spi-nand spi0.1: 128 MiB, block size: 128 KiB, page size: 2048, OOB size: 128
Aug 25 08:44:51 GARDENA-04352f kernel: 1 cmdlinepart partitions found on MTD device spi0.1
Aug 25 08:44:51 GARDENA-04352f kernel: Creating 1 MTD partitions on "spi0.1":
Aug 25 08:44:51 GARDENA-04352f kernel: 0x000000000000-0x000008000000 : "nand"
Aug 25 08:44:51 GARDENA-04352f kernel: tun: Universal TUN/TAP device driver, 1.6
Aug 25 08:44:51 GARDENA-04352f kernel: rt3050-esw 10110000.esw: link changed 0x00
Aug 25 08:44:51 GARDENA-04352f kernel: mtk_soc_eth 10100000.ethernet eth0: mediatek frame engine at 0xb0100000, irq 5
Aug 25 08:44:51 GARDENA-04352f kernel: PPP generic driver version 2.4.2
Aug 25 08:44:51 GARDENA-04352f kernel: i2c /dev entries driver
Aug 25 08:44:51 GARDENA-04352f kernel: i2c-mt7621 10000900.i2c: clock 100 kHz
Aug 25 08:44:51 GARDENA-04352f kernel: NET: Registered protocol family 10
Aug 25 08:44:51 GARDENA-04352f kernel: Segment Routing with IPv6
Aug 25 08:44:51 GARDENA-04352f kernel: NET: Registered protocol family 17
Aug 25 08:44:51 GARDENA-04352f kernel: Key type dns_resolver registered
Aug 25 08:44:51 GARDENA-04352f kernel: registered taskstats version 1
Aug 25 08:44:51 GARDENA-04352f kernel: ubi0: attaching mtd5
Aug 25 08:44:51 GARDENA-04352f kernel: random: fast init done
Aug 25 08:44:51 GARDENA-04352f kernel: ubi0: scanning is finished
Aug 25 08:44:51 GARDENA-04352f kernel: ubi0: attached mtd5 (name "nand", size 128 MiB)
Aug 25 08:44:51 GARDENA-04352f kernel: ubi0: PEB size: 131072 bytes (128 KiB), LEB size: 126976 bytes
Aug 25 08:44:51 GARDENA-04352f kernel: ubi0: min./max. I/O unit sizes: 2048/2048, sub-page size 2048
Aug 25 08:44:51 GARDENA-04352f kernel: ubi0: VID header offset: 2048 (aligned 2048), data offset: 4096
Aug 25 08:44:51 GARDENA-04352f kernel: ubi0: good PEBs: 1024, bad PEBs: 0, corrupted PEBs: 0
Aug 25 08:44:51 GARDENA-04352f kernel: ubi0: user volume: 5, internal volumes: 1, max. volumes count: 128
Aug 25 08:44:51 GARDENA-04352f kernel: ubi0: max/mean erase counter: 2/1, WL threshold: 4096, image sequence number: 0
Aug 25 08:44:51 GARDENA-04352f kernel: ubi0: available PEBs: 20, total reserved PEBs: 1004, PEBs reserved for bad PEB handling: 22
Aug 25 08:44:51 GARDENA-04352f kernel: ubi0: background thread "ubi_bgt0d" started, PID 53
Aug 25 08:44:51 GARDENA-04352f kernel: rt3050-esw 10110000.esw: link changed 0x01
Aug 25 08:44:51 GARDENA-04352f kernel: block ubiblock0_0: created from ubi0:0(rootfs0)
Aug 25 08:44:51 GARDENA-04352f kernel: input: gpio-keys as /devices/platform/gpio-keys/input/input0
Aug 25 08:44:51 GARDENA-04352f kernel: evbug: Connected device: input0 (gpio-keys at gpio-keys/input0)
Aug 25 08:44:51 GARDENA-04352f kernel: VFS: Mounted root (squashfs filesystem) readonly on device 253:0.
Aug 25 08:44:51 GARDENA-04352f kernel: devtmpfs: mounted
Aug 25 08:44:51 GARDENA-04352f kernel: Freeing unused kernel memory: 196K
Aug 25 08:44:51 GARDENA-04352f kernel: This architecture does not have kernel memory protection.
Aug 25 08:44:51 GARDENA-04352f kernel: Run /init as init process
Aug 25 08:44:51 GARDENA-04352f kernel:   with arguments:
Aug 25 08:44:51 GARDENA-04352f kernel:     /init
Aug 25 08:44:51 GARDENA-04352f kernel:   with environment:
Aug 25 08:44:51 GARDENA-04352f kernel:     HOME=/
Aug 25 08:44:51 GARDENA-04352f kernel:     TERM=linux
Aug 25 08:44:51 GARDENA-04352f kernel:     rootrw=ubi0:overlay
Aug 25 08:44:51 GARDENA-04352f kernel:     rootrwfstype=ubifs
Aug 25 08:44:51 GARDENA-04352f kernel:     rootrwoptions=rw,noatime
Aug 25 08:44:51 GARDENA-04352f kernel: process '/bin/busybox.nosuid' started with executable stack
Aug 25 08:44:51 GARDENA-04352f kernel: ubiblock0_0: Can't mount, would change RO state
Aug 25 08:44:51 GARDENA-04352f kernel: UBIFS (ubi0:4): Mounting in unauthenticated mode
Aug 25 08:44:51 GARDENA-04352f kernel: UBIFS (ubi0:4): background thread "ubifs_bgt0_4" started, PID 86
Aug 25 08:44:51 GARDENA-04352f kernel: UBIFS (ubi0:4): recovery needed
Aug 25 08:44:51 GARDENA-04352f kernel: UBIFS (ubi0:4): recovery completed
Aug 25 08:44:51 GARDENA-04352f kernel: UBIFS (ubi0:4): UBIFS: mounted UBI device 0, volume 4, name "overlay"
Aug 25 08:44:51 GARDENA-04352f kernel: UBIFS (ubi0:4): LEB size: 126976 bytes (124 KiB), min./max. I/O unit sizes: 2048 bytes/2048 bytes
Aug 25 08:44:51 GARDENA-04352f kernel: UBIFS (ubi0:4): FS size: 30220288 bytes (28 MiB, 238 LEBs), journal size 1523712 bytes (1 MiB, 12 LEBs)
Aug 25 08:44:51 GARDENA-04352f kernel: UBIFS (ubi0:4): reserved for root: 1427378 bytes (1393 KiB)
Aug 25 08:44:51 GARDENA-04352f kernel: UBIFS (ubi0:4): media format: w5/r0 (latest is w5/r0), UUID F70C672E-6840-4677-B9CF-EF763BEB5392, small LPT model
Aug 25 08:44:51 GARDENA-04352f systemd[1]: System time before build time, advancing clock.
Aug 25 08:44:51 GARDENA-04352f systemd[1]: systemd 244.5+ running in system mode. (-PAM -AUDIT -SELINUX +IMA -APPARMOR -SMACK +SYSVINIT +UTMP -LIBCRYPTSETUP -GCRYPT -GNUTLS -ACL +XZ -LZ4 -SECCOMP +BLKID -ELFUTILS +KMOD -IDN2 -IDN -PCRE2 default-hierarchy=hybrid)
Aug 25 08:44:51 GARDENA-04352f systemd[1]: Detected architecture mips.
Aug 25 08:44:51 GARDENA-04352f systemd[1]: Set hostname to <GARDENA-04352f>.
Aug 25 08:44:51 GARDENA-04352f systemd[1]: Hardware watchdog 'Mediatek Watchdog', version 0
Aug 25 08:44:51 GARDENA-04352f systemd[1]: Set hardware watchdog to 1min.
Aug 25 08:44:51 GARDENA-04352f systemd[1]: /lib/systemd/system/mdns.service:10: PIDFile= references a path below legacy directory /var/run/, updating /var/run/mdnsd.pid → /run/mdnsd.pid; please update the unit file accordingly.
Aug 25 08:44:51 GARDENA-04352f kernel: random: systemd: uninitialized urandom read (16 bytes read)
Aug 25 08:44:51 GARDENA-04352f systemd[1]: Created slice system-getty.slice.
Aug 25 08:44:51 GARDENA-04352f kernel: random: systemd: uninitialized urandom read (16 bytes read)
Aug 25 08:44:52 GARDENA-04352f systemd[1]: Created slice system-serial\x2dgetty.slice.
Aug 25 08:44:52 GARDENA-04352f kernel: random: systemd: uninitialized urandom read (16 bytes read)
Aug 25 08:44:52 GARDENA-04352f systemd[1]: Created slice User and Session Slice.
Aug 25 08:44:52 GARDENA-04352f systemd[1]: Started Dispatch Password Requests to Console Directory Watch.
Aug 25 08:44:52 GARDENA-04352f systemd[1]: Started Forward Password Requests to Wall Directory Watch.
Aug 25 08:44:52 GARDENA-04352f systemd[1]: Reached target Paths.
Aug 25 08:44:52 GARDENA-04352f systemd[1]: Reached target Remote File Systems.
Aug 25 08:44:52 GARDENA-04352f systemd[1]: Reached target Slices.
Aug 25 08:44:52 GARDENA-04352f systemd[1]: Reached target Swap.
Aug 25 08:44:52 GARDENA-04352f systemd[1]: Listening on initctl Compatibility Named Pipe.
Aug 25 08:44:52 GARDENA-04352f systemd[1]: Condition check resulted in Journal Audit Socket being skipped.
Aug 25 08:44:52 GARDENA-04352f systemd[1]: Listening on Journal Socket (/dev/log).
Aug 25 08:44:52 GARDENA-04352f systemd[1]: Listening on Journal Socket.
Aug 25 08:44:52 GARDENA-04352f systemd[1]: Listening on Network Service Netlink Socket.
Aug 25 08:44:52 GARDENA-04352f systemd[1]: Listening on udev Control Socket.
Aug 25 08:44:52 GARDENA-04352f systemd[1]: Listening on udev Kernel Socket.
Aug 25 08:44:52 GARDENA-04352f systemd[1]: Condition check resulted in Huge Pages File System being skipped.
Aug 25 08:44:52 GARDENA-04352f systemd[1]: Condition check resulted in POSIX Message Queue File System being skipped.
Aug 25 08:44:52 GARDENA-04352f systemd[1]: Mounting Kernel Debug File System...
Aug 25 08:44:52 GARDENA-04352f systemd[1]: Mounting Temporary Directory (/tmp)...
Aug 25 08:44:52 GARDENA-04352f systemd[1]: Condition check resulted in Create list of static device nodes for the current kernel being skipped.
Aug 25 08:44:52 GARDENA-04352f systemd[1]: Started Control power LED during boot process.
Aug 25 08:44:52 GARDENA-04352f systemd[1]: Condition check resulted in File System Check on Root Device being skipped.
Aug 25 08:44:52 GARDENA-04352f systemd[1]: Condition check resulted in Load Kernel Modules being skipped.
Aug 25 08:44:52 GARDENA-04352f systemd[1]: Condition check resulted in FUSE Control File System being skipped.
Aug 25 08:44:52 GARDENA-04352f systemd[1]: Mounting Kernel Configuration File System...
Aug 25 08:44:52 GARDENA-04352f systemd[1]: Starting Remount Root and Kernel File Systems...
Aug 25 08:44:52 GARDENA-04352f systemd[1]: Starting Apply Kernel Variables...
Aug 25 08:44:52 GARDENA-04352f systemd[1]: Starting udev Coldplug all Devices...
Aug 25 08:44:52 GARDENA-04352f systemd[1]: Starting Mount /run/log/journal as zram...
Aug 25 08:44:52 GARDENA-04352f systemd[1]: Mounted Kernel Debug File System.
Aug 25 08:44:52 GARDENA-04352f systemd[1]: Mounted Temporary Directory (/tmp).
Aug 25 08:44:52 GARDENA-04352f systemd[1]: Mounted Kernel Configuration File System.
Aug 25 08:44:52 GARDENA-04352f systemd[1]: Started Remount Root and Kernel File Systems.
Aug 25 08:44:52 GARDENA-04352f systemd[1]: Condition check resulted in Rebuild Hardware Database being skipped.
Aug 25 08:44:52 GARDENA-04352f systemd[1]: Condition check resulted in Create System Users being skipped.
Aug 25 08:44:52 GARDENA-04352f systemd[1]: Starting Create Static Device Nodes in /dev...
Aug 25 08:44:52 GARDENA-04352f systemd[1]: Started Apply Kernel Variables.
Aug 25 08:44:52 GARDENA-04352f kernel: zram0: detected capacity change from 0 to 134217728
Aug 25 08:44:52 GARDENA-04352f systemd[1]: Started Create Static Device Nodes in /dev.
Aug 25 08:44:52 GARDENA-04352f systemd[1]: Reached target Local File Systems (Pre).
Aug 25 08:44:52 GARDENA-04352f systemd[1]: Mounting /var/volatile...
Aug 25 08:44:52 GARDENA-04352f systemd[1]: Starting udev Kernel Device Manager...
Aug 25 08:44:52 GARDENA-04352f systemd[1]: Mounted /var/volatile.
Aug 25 08:44:52 GARDENA-04352f systemd[1]: Condition check resulted in Bind mount volatile /var/cache being skipped.
Aug 25 08:44:52 GARDENA-04352f systemd[1]: Condition check resulted in Bind mount volatile /var/lib being skipped.
Aug 25 08:44:52 GARDENA-04352f systemd[1]: Starting Load/Save Random Seed...
Aug 25 08:44:52 GARDENA-04352f systemd[1]: Condition check resulted in Bind mount volatile /var/spool being skipped.
Aug 25 08:44:52 GARDENA-04352f systemd[1]: Condition check resulted in Bind mount volatile /srv being skipped.
Aug 25 08:44:52 GARDENA-04352f kernel: random: crng init done
Aug 25 08:44:52 GARDENA-04352f kernel: random: 7 urandom warning(s) missed due to ratelimiting
Aug 25 08:44:52 GARDENA-04352f systemd[1]: Started Load/Save Random Seed.
Aug 25 08:44:52 GARDENA-04352f systemd[1]: Started udev Coldplug all Devices.
Aug 25 08:44:52 GARDENA-04352f kernel: ext2 filesystem being mounted at /run/log/journal supports timestamps until 2038 (0x7fffffff)
Aug 25 08:44:52 GARDENA-04352f systemd[1]: Started Mount /run/log/journal as zram.
Aug 25 08:44:52 GARDENA-04352f systemd[1]: Reached target Local File Systems.
Aug 25 08:44:52 GARDENA-04352f systemd[1]: Starting Ethernet LED configuration...
Aug 25 08:44:52 GARDENA-04352f systemd[1]: Condition check resulted in Rebuild Dynamic Linker Cache being skipped.
Aug 25 08:44:52 GARDENA-04352f systemd[1]: Starting Journal Service...
Aug 25 08:44:52 GARDENA-04352f systemd[1]: Condition check resulted in Commit a transient machine-id on disk being skipped.
Aug 25 08:44:52 GARDENA-04352f systemd[1]: Starting Data migration...
Aug 25 08:44:52 GARDENA-04352f systemd[1]: Started Ethernet LED configuration.
Aug 25 08:44:52 GARDENA-04352f systemd[1]: Started Data migration.
Aug 25 08:44:52 GARDENA-04352f systemd[1]: Started udev Kernel Device Manager.
Aug 25 08:44:52 GARDENA-04352f systemd-journald[134]: Journal started
Aug 25 08:44:52 GARDENA-04352f systemd-journald[134]: Runtime Journal (/run/log/journal/76a82f98a1334307b059526ac975a2e8) is 8.0M, max 64.0M, 55.9M free.
Aug 25 08:44:52 GARDENA-04352f systemd[1]: Started Journal Service.
Aug 25 08:44:52 GARDENA-04352f zram-init[126]: mke2fs 1.45.7 (28-Jan-2021)
Aug 25 08:44:52 GARDENA-04352f systemd[1]: Starting Flush Journal to Persistent Storage...
Aug 25 08:44:52 GARDENA-04352f sysupgrade[135]: System not changed since last startup
Aug 25 08:44:52 GARDENA-04352f systemd-journald[134]: Runtime Journal (/run/log/journal/76a82f98a1334307b059526ac975a2e8) is 8.0M, max 64.0M, 55.9M free.
Aug 25 08:44:52 GARDENA-04352f systemd[1]: Started Flush Journal to Persistent Storage.
Aug 25 08:44:52 GARDENA-04352f systemd[1]: Starting Create Volatile Files and Directories...
Aug 25 08:44:52 GARDENA-04352f systemd[1]: Started Create Volatile Files and Directories.
Aug 25 08:44:52 GARDENA-04352f systemd[1]: Condition check resulted in Rebuild Journal Catalog being skipped.
Aug 25 08:44:52 GARDENA-04352f systemd[1]: Starting Network Time Synchronization...
Aug 25 08:44:52 GARDENA-04352f systemd[1]: Condition check resulted in Update is Completed being skipped.
Aug 25 08:44:52 GARDENA-04352f systemd[1]: Starting Update UTMP about System Boot/Shutdown...
Aug 25 08:44:53 GARDENA-04352f systemd-udevd[141]: Using default interface naming scheme 'v243'.
Aug 25 08:44:53 GARDENA-04352f systemd-udevd[141]: ethtool: autonegotiation is unset or enabled, the speed and duplex are not writable.
Aug 25 08:44:53 GARDENA-04352f systemd[1]: Started Update UTMP about System Boot/Shutdown.
Aug 25 08:44:53 GARDENA-04352f systemd-timesyncd[155]: System clock time unset or jumped backwards, restoring from recorded timestamp: Fri 2023-08-25 15:25:02 CEST
Aug 25 15:25:02 GARDENA-04352f systemd[1]: Started Network Time Synchronization.
Aug 25 15:25:02 GARDENA-04352f systemd[1]: Reached target System Initialization.
Aug 25 15:25:02 GARDENA-04352f systemd[1]: Started Daily Cleanup of Temporary Directories.
Aug 25 15:25:02 GARDENA-04352f systemd[1]: Reached target System Time Set.
Aug 25 15:25:02 GARDENA-04352f systemd[1]: Reached target System Time Synchronized.
Aug 25 15:25:02 GARDENA-04352f systemd[1]: Listening on D-Bus System Message Bus Socket.
Aug 25 15:25:02 GARDENA-04352f systemd[1]: Listening on dropbear.socket.
Aug 25 15:25:02 GARDENA-04352f systemd[1]: Listening on gateway-config-backend.socket.
Aug 25 15:25:02 GARDENA-04352f systemd[1]: Reached target Sockets.
Aug 25 15:25:02 GARDENA-04352f systemd[1]: Reached target Basic System.
Aug 25 15:25:02 GARDENA-04352f systemd[1]: Started D-Bus System Message Bus.
Aug 25 15:25:02 GARDENA-04352f systemd[1]: Starting U-Boot Environment Extractor...
Aug 25 15:25:02 GARDENA-04352f systemd[1]: Condition check resulted in SSL Key Generation for the GARDENA smart Gateway config interface being skipped.
Aug 25 15:25:02 GARDENA-04352f systemd[1]: Started Getty on tty1.
Aug 25 15:25:02 GARDENA-04352f systemd[1]: Starting IPv6 Packet Filtering Framework...
Aug 25 15:25:02 GARDENA-04352f systemd[1]: Starting IPv4 Packet Filtering Framework...
Aug 25 15:25:02 GARDENA-04352f systemd[1]: Starting Reset Radio Module on boot...
Aug 25 15:25:03 GARDENA-04352f systemd[1]: Starting Flash RM test firmware...
Aug 25 15:25:03 GARDENA-04352f systemd[1]: Started SWUpdate progress service.
Aug 25 15:25:03 GARDENA-04352f systemd[1]: Starting Login Service...
Aug 25 15:25:03 GARDENA-04352f systemd[1]: Starting Configure unique hostname...
Aug 25 15:25:03 GARDENA-04352f systemd[1]: Starting Update Hardware Revision file...
Aug 25 15:25:03 GARDENA-04352f systemd[1]: Starting Update Software Versions file for SWUpdate...
Aug 25 15:25:04 GARDENA-04352f systemd[1]: Started Configure unique hostname.
Aug 25 15:25:04 GARDENA-04352f systemd-udevd[140]: ethtool: autonegotiation is unset or enabled, the speed and duplex are not writable.
Aug 25 15:25:05 GARDENA-04352f sh[174]: Error: "ipr_setup_done" not defined
Aug 25 15:25:05 GARDENA-04352f update-hw-revision[172]: Failed to extract the board revision from the U-Boot environment!
Aug 25 15:25:06 GARDENA-04352f environment[163]: U-Boot variable 'x509_crt' is missing!
Aug 25 15:25:06 GARDENA-04352f environment[163]: U-Boot variable 'x509_key' is missing!
Aug 25 15:25:07 GARDENA-04352f systemd-vconsole-setup[197]: KD_FONT_OP_GET failed while trying to get the font metadata: Function not implemented
Aug 25 15:25:07 GARDENA-04352f systemd-vconsole-setup[197]: Fonts will not be copied to remaining consoles
Aug 25 15:25:07 GARDENA-04352f systemd[1]: Started U-Boot Environment Extractor.
Aug 25 15:25:07 GARDENA-04352f systemd[1]: Started IPv6 Packet Filtering Framework.
Aug 25 15:25:07 GARDENA-04352f systemd[1]: Started IPv4 Packet Filtering Framework.
Aug 25 15:25:07 GARDENA-04352f systemd[1]: Started Update Hardware Revision file.
Aug 25 15:25:07 GARDENA-04352f systemd[1]: Started Update Software Versions file for SWUpdate.
Aug 25 15:25:08 GARDENA-04352f systemd[1]: Reached target Network (Pre).
Aug 25 15:25:08 GARDENA-04352f systemd[1]: Listening on Load/Save RF Kill Switch Status /dev/rfkill Watch.
Aug 25 15:25:08 GARDENA-04352f systemd[1]: Starting dhcpcd on all interfaces...
Aug 25 15:25:08 GARDENA-04352f systemd[1]: Starting install simple iptable rules...
Aug 25 15:25:08 GARDENA-04352f systemd[1]: Condition check resulted in Check RM firmware version and flash RM if needed being skipped.
Aug 25 15:25:08 GARDENA-04352f systemd[1]: Starting Network Service...
Aug 25 15:25:09 GARDENA-04352f kernel: mt76_wmac 10300000.wmac: ASIC revision: 76280001
Aug 25 15:25:09 GARDENA-04352f systemd[1]: reset-rm.service: Succeeded.
Aug 25 15:25:09 GARDENA-04352f systemd[1]: Started Reset Radio Module on boot.
Aug 25 15:25:09 GARDENA-04352f systemd[1]: Condition check resulted in PPP link to radio module being skipped.
Aug 25 15:25:10 GARDENA-04352f systemd[1]: Starting RF LED setup...
Aug 25 15:25:10 GARDENA-04352f systemd[1]: Started RF LED setup.
Aug 25 15:25:10 GARDENA-04352f kernel: mt76_wmac 10300000.wmac: Firmware Version: 20151201
Aug 25 15:25:10 GARDENA-04352f kernel: mt76_wmac 10300000.wmac: Build Time: 20151201183641
Aug 25 15:25:10 GARDENA-04352f kernel: mt76_wmac 10300000.wmac: firmware init done
Aug 25 15:25:11 GARDENA-04352f kernel: ieee80211 phy0: Selected rate control algorithm 'minstrel_ht'
Aug 25 15:25:11 GARDENA-04352f dhcpcd[206]: dev: loaded udev
Aug 25 15:25:11 GARDENA-04352f systemd[1]: Starting Load/Save RF Kill Switch Status...
Aug 25 15:25:11 GARDENA-04352f systemd-logind[205]: New seat seat0.
Aug 25 15:25:11 GARDENA-04352f dhcpcd[206]: forked to background, child pid 231
Aug 25 15:25:11 GARDENA-04352f systemd[1]: Started dhcpcd on all interfaces.
Aug 25 15:25:11 GARDENA-04352f systemd[1]: Started Login Service.
Aug 25 15:25:11 GARDENA-04352f systemd-udevd[139]: Using default interface naming scheme 'v243'.
Aug 25 15:25:11 GARDENA-04352f systemd-udevd[139]: ethtool: autonegotiation is unset or enabled, the speed and duplex are not writable.
Aug 25 15:25:11 GARDENA-04352f systemd[1]: Started Load/Save RF Kill Switch Status.
Aug 25 15:25:12 GARDENA-04352f systemd-networkd[208]: Enumeration completed
Aug 25 15:25:12 GARDENA-04352f systemd[1]: Started Network Service.
Aug 25 15:25:12 GARDENA-04352f systemd[1]: Starting Wait for Network to be Configured...
Aug 25 15:25:12 GARDENA-04352f systemd-networkd[208]: eth0: Link UP
Aug 25 15:25:12 GARDENA-04352f systemd-networkd[208]: eth0: Gained carrier
Aug 25 15:25:12 GARDENA-04352f dhcpcd[231]: eth0: waiting for carrier
Aug 25 15:25:13 GARDENA-04352f openocd[204]: Open On-Chip Debugger 0.10.0+dev-00556-gd0be1630d-dirty (2023-08-25-06:51)
Aug 25 15:25:13 GARDENA-04352f openocd[204]: Licensed under GNU GPL v2
Aug 25 15:25:13 GARDENA-04352f openocd[204]: For bug reports, read
Aug 25 15:25:13 GARDENA-04352f openocd[204]:         http://openocd.org/doc/doxygen/bugs.html
Aug 25 15:25:13 GARDENA-04352f dhcpcd[231]: wlan0: waiting for carrier
Aug 25 15:25:13 GARDENA-04352f systemd-networkd[208]: wlan0: Link UP
Aug 25 15:25:13 GARDENA-04352f dhcpcd[231]: eth0: carrier acquired
Aug 25 15:25:13 GARDENA-04352f openocd[204]: SysfsGPIO nums: swclk = 36, swdio = 29
Aug 25 15:25:13 GARDENA-04352f openocd[204]: none separate
Aug 25 15:25:13 GARDENA-04352f dhcpcd[231]: DUID 00:01:00:01:2c:7b:0a:78:94:bb:ae:04:35:2f
Aug 25 15:25:13 GARDENA-04352f dhcpcd[231]: eth0: IAID ae:04:35:2f
Aug 25 15:25:13 GARDENA-04352f dhcpcd[231]: eth0: adding address fe80::96bb:aeff:fe04:352f
Aug 25 15:25:13 GARDENA-04352f dhcpcd[231]: wlan0: carrier acquired
Aug 25 15:25:13 GARDENA-04352f dhcpcd[231]: wlan0: IAID ae:04:35:93
Aug 25 15:25:13 GARDENA-04352f dhcpcd[231]: wlan0: adding address fe80::96bb:aeff:fe04:3593
Aug 25 15:25:13 GARDENA-04352f dhcpcd[231]: wlan0: carrier lost
Aug 25 15:25:13 GARDENA-04352f dhcpcd[231]: wlan0: deleting address fe80::96bb:aeff:fe04:3593
Aug 25 15:25:13 GARDENA-04352f dhcpcd[231]: eth0: soliciting an IPv6 router
Aug 25 15:25:14 GARDENA-04352f openocd[204]: adapter speed: 1000 kHz
Aug 25 15:25:14 GARDENA-04352f openocd[204]: adapter_nsrst_delay: 100
Aug 25 15:25:14 GARDENA-04352f dhcpcd[231]: eth0: soliciting a DHCP lease
Aug 25 15:25:14 GARDENA-04352f dhcpcd[231]: eth0: offered 10.42.135.172 from 10.42.0.1
Aug 25 15:25:14 GARDENA-04352f openocd[204]: Info : SysfsGPIO JTAG/SWD bitbang driver
Aug 25 15:25:14 GARDENA-04352f dhcpcd[231]: eth0: ignoring offer of 10.42.135.172 from 10.42.0.1
Aug 25 15:25:14 GARDENA-04352f dhcpcd[231]: eth0: probing address 10.42.135.172/16
Aug 25 15:25:14 GARDENA-04352f openocd[204]: Info : SWD only mode enabled (specify tck, tms, tdi and tdo gpios to add JTAG mode)
Aug 25 15:25:14 GARDENA-04352f openocd[204]: Info : This adapter doesn't support configurable speed
Aug 25 15:25:14 GARDENA-04352f openocd[204]: Info : SWD DPIDR 0x2ba01477
Aug 25 15:25:14 GARDENA-04352f openocd[204]: Info : SiM3x.cpu: hardware has 6 breakpoints, 4 watchpoints
Aug 25 15:25:14 GARDENA-04352f openocd[204]: Info : Listening on port 3333 for gdb connections
Aug 25 15:25:14 GARDENA-04352f openocd[204]: Warn : Only resetting the Cortex-M core, use a reset-init event handler to reset any peripherals or configure hardware srst support.
Aug 25 15:25:14 GARDENA-04352f openocd[204]: target halted due to debug-request, current mode: Thread
Aug 25 15:25:14 GARDENA-04352f openocd[204]: xPSR: 0x01000000 pc: 0x00000124 msp: 0x20007ffc
Aug 25 15:25:14 GARDENA-04352f openocd[204]: ** Programming Started **
Aug 25 15:25:14 GARDENA-04352f openocd[204]: auto erase enabled
Aug 25 15:25:15 GARDENA-04352f openocd[204]: Info : SiM3U167 detected
Aug 25 15:25:15 GARDENA-04352f openocd[204]: Info : Flash size = 256KB
Aug 25 15:25:15 GARDENA-04352f systemd-networkd[208]: eth0: Gained IPv6LL
Aug 25 15:25:15 GARDENA-04352f systemd-timesyncd[155]: Network configuration changed, trying to establish connection.
Aug 25 15:25:15 GARDENA-04352f systemd[1]: Started Wait for Network to be Configured.
Aug 25 15:25:15 GARDENA-04352f systemd[1]: Started install simple iptable rules.
Aug 25 15:25:15 GARDENA-04352f systemd[1]: Reached target Network.
Aug 25 15:25:15 GARDENA-04352f systemd[1]: Reached target Network is Online.
Aug 25 15:25:15 GARDENA-04352f systemd[1]: Started SSH Tunnel Timer.
Aug 25 15:25:15 GARDENA-04352f systemd[1]: Started Run swupdate-check.service on startup and periodically thereafter.
Aug 25 15:25:16 GARDENA-04352f systemd[1]: Reached target Timers.
Aug 25 15:25:16 GARDENA-04352f systemd[1]: Condition check resulted in Check EOL test status and update status file being skipped.
Aug 25 15:25:16 GARDENA-04352f systemd[1]: Condition check resulted in Run EOL test during manufacturing being skipped.
Aug 25 15:25:16 GARDENA-04352f systemd[1]: Condition check resulted in Backend component for the GARDENA smart Gateway config interface being skipped.
Aug 25 15:25:16 GARDENA-04352f systemd[1]: Condition check resulted in Internet LED indication being skipped.
Aug 25 15:25:16 GARDENA-04352f systemd[1]: Starting Zero-configuration networking...
Aug 25 15:25:16 GARDENA-04352f systemd[1]: mdns.service: Can't open PID file /run/mdnsd.pid (yet?) after start: Operation not permitted
Aug 25 15:25:16 GARDENA-04352f mDNSResponder[294]: mDNSResponder (Engineering Build) (Aug 25 2023 06:50:02) starting
Aug 25 15:25:16 GARDENA-04352f systemd[1]: Started Zero-configuration networking.
Aug 25 15:25:16 GARDENA-04352f mDNSResponder[294]: Unable to parse DNS server list. Unicast DNS-SD unavailable
Aug 25 15:25:16 GARDENA-04352f mDNSResponder[294]: mDNSPlatformSourceAddrForDest: connect 1.1.1.1 failed errno 128 (Network is unreachable)
Aug 25 15:25:16 GARDENA-04352f systemd[1]: Condition check resulted in Accessory server daemon being skipped.
Aug 25 15:25:17 GARDENA-04352f systemd[1]: systemd-rfkill.service: Succeeded.
Aug 25 15:25:18 GARDENA-04352f dhcpcd[231]: eth0: leased 10.42.135.172 for 3600 seconds
Aug 25 15:25:18 GARDENA-04352f dhcpcd[231]: eth0: adding route to 10.42.0.0/16
Aug 25 15:25:18 GARDENA-04352f systemd-timesyncd[155]: Network configuration changed, trying to establish connection.
Aug 25 15:25:18 GARDENA-04352f dhcpcd[231]: eth0: adding default route via 10.42.0.1
Aug 25 15:25:19 GARDENA-04352f systemd[1]: swupdate-check.timer: Succeeded.
Aug 25 15:25:19 GARDENA-04352f systemd[1]: Stopped Run swupdate-check.service on startup and periodically thereafter.
Aug 25 15:25:19 GARDENA-04352f systemd[1]: Stopping Run swupdate-check.service on startup and periodically thereafter.
Aug 25 15:25:19 GARDENA-04352f systemd[1]: Started Run swupdate-check.service on startup and periodically thereafter.
Aug 25 15:25:24 GARDENA-04352f systemd[1]: Condition check resulted in Check EOL test status and update status file being skipped.
Aug 25 15:25:24 GARDENA-04352f systemd[1]: Condition check resulted in Software Update Service being skipped.
Aug 25 15:25:27 GARDENA-04352f dhcpcd[231]: eth0: no IPv6 Routers available
Aug 25 15:27:27 GARDENA-04352f systemd-timesyncd[155]: Initial synchronization to time server 10.42.0.1:123 (time1.iot.sg.dss.husqvarnagroup.net).
Aug 25 15:27:44 GARDENA-04352f openocd[204]: wrote 262144 bytes from file /usr/share/gardena/firmware/rm-test.bin in 149.248367s (1.715 KiB/s)
Aug 25 15:27:44 GARDENA-04352f openocd[204]: ** Programming Finished **
Aug 25 15:27:44 GARDENA-04352f openocd[204]: ** Verify Started **
Aug 25 15:27:44 GARDENA-04352f openocd[204]: verified 261330 bytes in 0.499056s (511.376 KiB/s)
Aug 25 15:27:44 GARDENA-04352f openocd[204]: ** Verified OK **
Aug 25 15:27:44 GARDENA-04352f openocd[204]: shutdown command invoked
Aug 25 15:27:46 GARDENA-04352f systemd[1]: Started Flash RM test firmware.
Aug 25 15:27:46 GARDENA-04352f systemd[1]: Starting Run IPR tool...
Aug 25 15:27:47 GARDENA-04352f ipr-setup[321]: adjtime state 0 status 2000 time Fri 2023-08-25 13:27:47.045319 UTC
Aug 25 15:28:00 GARDENA-04352f ipr-setup[323]: Traceback (most recent call last):
Aug 25 15:28:00 GARDENA-04352f ipr-setup[323]:   File "/usr/bin/ipr-tool", line 251, in <module>
Aug 25 15:28:00 GARDENA-04352f ipr-setup[323]:     main()
Aug 25 15:28:00 GARDENA-04352f ipr-setup[323]:   File "/usr/bin/ipr-tool", line 243, in main
Aug 25 15:28:00 GARDENA-04352f ipr-setup[323]:     initialize_gateway()
Aug 25 15:28:00 GARDENA-04352f ipr-setup[323]:   File "/usr/bin/ipr-tool", line 138, in initialize_gateway
Aug 25 15:28:00 GARDENA-04352f ipr-setup[323]:     cpms.deploy_item_batch(linuxmodule_id)
Aug 25 15:28:00 GARDENA-04352f ipr-setup[323]:   File "/usr/lib/python3.8/site-packages/cpms_client.py", line 76, in deploy_item_batch
Aug 25 15:28:00 GARDENA-04352f ipr-setup[323]:     self.perform_request("POST", '/' + item_id, timeout=timeout)
Aug 25 15:28:00 GARDENA-04352f ipr-setup[323]:   File "/usr/lib/python3.8/site-packages/cpms_client.py", line 42, in perform_request
Aug 25 15:28:00 GARDENA-04352f ipr-setup[323]:     raise http.client.HTTPException(response.status, response.reason, response.read())
Aug 25 15:28:00 GARDENA-04352f ipr-setup[323]: http.client.HTTPException: (404, 'Not Found', b'{"errors":["Item or component 85504e27-b309-44b0-9ab7-69704f518b8d does not exist!"]}')
Aug 25 15:28:00 GARDENA-04352f systemd[1]: ipr.service: Main process exited, code=exited, status=1/FAILURE
Aug 25 15:28:03 GARDENA-04352f systemd[1]: Stopping Control power LED during boot process...
Aug 25 15:28:03 GARDENA-04352f systemd[1]: power-led.service: Succeeded.
Aug 25 15:28:03 GARDENA-04352f systemd[1]: Stopped Control power LED during boot process.
Aug 25 15:28:04 GARDENA-04352f sh[325]: Traceback (most recent call last):
Aug 25 15:28:04 GARDENA-04352f sh[325]:   File "/usr/bin/cpms-errorhandler", line 134, in <module>
Aug 25 15:28:04 GARDENA-04352f sh[325]:     main()
Aug 25 15:28:04 GARDENA-04352f sh[325]:   File "/usr/bin/cpms-errorhandler", line 128, in main
Aug 25 15:28:04 GARDENA-04352f sh[325]:     add_event(info)
Aug 25 15:28:04 GARDENA-04352f sh[325]:   File "/usr/bin/cpms-errorhandler", line 97, in add_event
Aug 25 15:28:04 GARDENA-04352f sh[325]:     cpms.add_event(ipr_id, event)
Aug 25 15:28:04 GARDENA-04352f sh[325]:   File "/usr/lib/python3.8/site-packages/cpms_client.py", line 186, in add_event
Aug 25 15:28:04 GARDENA-04352f sh[325]:     self.perform_request("POST", '/' + item_id + '/event',
Aug 25 15:28:04 GARDENA-04352f sh[325]:   File "/usr/lib/python3.8/site-packages/cpms_client.py", line 42, in perform_request
Aug 25 15:28:04 GARDENA-04352f sh[325]:     raise http.client.HTTPException(response.status, response.reason, response.read())
Aug 25 15:28:04 GARDENA-04352f sh[325]: http.client.HTTPException: (404, 'Not Found', b'{"errors":["Configuration 85504e27-b309-44b0-9ab7-69704f518b8d not found!"]}')
Aug 25 15:28:04 GARDENA-04352f systemd[1]: ipr.service: Control process exited, code=exited, status=1/FAILURE
Aug 25 15:28:04 GARDENA-04352f systemd[1]: ipr.service: Failed with result 'exit-code'.
Aug 25 15:28:04 GARDENA-04352f systemd[1]: Failed to start Run IPR tool.
Aug 25 15:28:04 GARDENA-04352f systemd[1]: Dependency failed for Run HomeKit setup during manufacturing.
Aug 25 15:28:04 GARDENA-04352f systemd[1]: Dependency failed for Run selftest during manufacturing.
Aug 25 15:28:04 GARDENA-04352f systemd[1]: selftest.service: Job selftest.service/start failed with result 'dependency'.
Aug 25 15:28:04 GARDENA-04352f systemd[1]: homekit-setup.service: Job homekit-setup.service/start failed with result 'dependency'.
Aug 25 15:28:04 GARDENA-04352f systemd[1]: ipr.service: Consumed 10.897s CPU time.
